Tuesday
Monday
Sunday
Sunday
Sunday
Wednesday
Friday
Sunday
Sunday
Saturday
Tuesday
Wednesday
Saturday
Wednesday
Wednesday
Wednesday
Friday
Wednesday
Friday
Saturday
Sunday
Monday
Monday
Friday
Thursday
Thursday
Sunday
Monday
Monday
Friday
Monday
Thursday
Thursday
Friday
Sunday
Saturday
Monday
Thursday
Tuesday
Wednesday
Wednesday
Monday
Sunday
Sunday
Tuesday
Saturday
Thursday
Thursday
Friday
Friday
Saturday
Saturday
Monday
Monday
Thursday
Friday
Monday
Saturday
Saturday
Tuesday
Tuesday
Monday
Friday
Thursday
Thursday
Saturday
Wednesday
Tuesday
Wednesday
Wednesday
Monday
Tuesday
Friday
Sunday
Friday
Sunday
Sunday
Monday
Wednesday
Wednesday
Saturday
Sunday
Tuesday
Tuesday
Monday
Sunday
Monday
Thursday
Wednesday
Friday
Sunday
Wednesday
Tuesday
Wednesday
Tuesday
Sunday
Sunday
Sunday
Monday
Friday
Thursday
Saturday
Wednesday
Saturday
Sunday
Wednesday
Sunday
Monday
Sunday
Thursday
Thursday
Saturday
Tuesday
Tuesday
Wednesday
Wednesday
Tuesday
Wednesday
Thursday
Sunday
Saturday
Tuesday
Saturday
Monday
Wednesday
Thursday
Saturday
Friday
Sunday
Thursday
Friday
Monday
Wednesday
Thursday
Wednesday
Tuesday
Monday
Sunday
Saturday
Thursday
Thursday
Tuesday
Monday
Tuesday
Sunday
Sunday
Sunday
Wednesday
Saturday
Sunday
Tuesday
Thursday
Monday
Saturday
Tuesday
Wednesday
Sunday
Monday
Tuesday
Thursday
Wednesday
Monday
Tuesday
Thursday
Tuesday
Sunday
Monday
Friday
Friday
Thursday
Thursday
Wednesday
Saturday
Friday
Saturday
Monday
Tuesday
Monday
Tuesday
Friday
Friday
Thursday
Wednesday
Monday
Wednesday
Sunday
Monday
Friday
Friday
Thursday
Saturday
Monday
Tuesday
Wednesday
Thursday
Friday
Wednesday
Tuesday
Thursday
Friday
Saturday
Thursday
Friday
Monday
Tuesday
Friday
Tuesday
Sunday
Wednesday
Wednesday
Wednesday
Sunday
Sunday
Tuesday
Friday
Friday
Saturday
Friday
Wednesday
Wednesday
Saturday
Tuesday
Friday
Monday
Monday
Sunday
Wednesday
Thursday
Wednesday
Tuesday
Wednesday
Sunday
Tuesday
Saturday
Sunday
Monday
Sunday
Tuesday
Monday
Monday
Friday
Tuesday
Wednesday
Saturday
Friday
Thursday
Thursday
Sunday
Monday
Wednesday
Saturday
Sunday
Tuesday
Sunday
Friday
Sunday
Sunday
Saturday
Friday
Wednesday
Sunday
Thursday
Sunday
Friday
Wednesday
Friday
Saturday
Friday
Tuesday
Thursday
Saturday
Thursday
Wednesday
Sunday
Monday
Monday
Sunday
Monday
Saturday
Wednesday
Saturday
Sunday
Wednesday
Friday
Sunday
Tuesday
Monday
Sunday
Saturday
Monday
Friday
Thursday
Wednesday
Monday
Tuesday
Friday
Thursday
Tuesday
Monday
Wednesday
Saturday
Monday
Saturday
Friday
Wednesday
Friday
Saturday
Monday
Sunday
Tuesday
Tuesday
Monday
Sunday
Sunday
Friday
Wednesday
Thursday
Saturday
Saturday
Friday
Tuesday
Saturday
Thursday
Thursday
Sunday
Tuesday
Sunday
Monday
Friday
Friday
Friday
Sunday
Saturday
Monday
Saturday
Saturday
Tuesday
Thursday
Sunday
Friday
Saturday
Saturday
Wednesday
Sunday
Thursday
Sunday
Monday
Saturday
Monday
Thursday
Wednesday
Sunday
Monday
Wednesday
Friday
Sunday
Sunday
Friday
Sunday
Friday
Wednesday
Friday
Wednesday
Sunday
Saturday
Sunday
Thursday
Monday
Saturday
Saturday
Friday
Sunday
Thursday
Thursday
Thursday
Tuesday
Monday
Saturday
Friday
Wednesday
Wednesday
Sunday
Sunday
Thursday
Wednesday
Friday
Tuesday
Saturday
Monday
Monday
Thursday
Sunday
Friday
Tuesday
Wednesday
Saturday
Thursday
Friday
Friday
Sunday
Friday
Monday
Friday
Monday
Saturday
Thursday
Saturday
Sunday
Thursday
Monday
Monday
Saturday
Monday
Monday
Monday
Tuesday
Wednesday
Friday
Saturday
Monday
Saturday
Tuesday
Tuesday
Friday
Friday
Tuesday
Tuesday
Thursday
Wednesday
Friday
Sunday
Tuesday
Tuesday
Thursday
Monday
Thursday
Thursday
Sunday
Sunday
Tuesday
Sunday
Tuesday
Monday
Wednesday
Thursday
Friday
Monday
Monday
Wednesday
Monday
Saturday
Friday
Friday
Wednesday
Saturday
Thursday
Tuesday
Saturday
Monday
Monday
Wednesday
Saturday
Sunday
Saturday
Monday
Thursday
Monday
Wednesday
Saturday
Tuesday
Sunday
Wednesday
Wednesday
Sunday
Tuesday
Friday
Tuesday
Friday
Thursday
Sunday
Thursday
Saturday
Friday
Saturday
Friday
Sunday
Sunday
Wednesday
Monday
Sunday
Sunday
Sunday
Tuesday
Sunday
Thursday
Wednesday
Sunday
Friday
Sunday
Monday
Saturday
Wednesday
Thursday
Tuesday
Friday
Monday
Friday
Saturday
Sunday
Wednesday
Thursday
Saturday
Friday
Saturday
Sunday
Saturday
Monday
Monday
Friday
Sunday
Wednesday
Thursday
Wednesday
Thursday
Friday
Saturday
Wednesday
Wednesday
Wednesday
Saturday
Wednesday
Wednesday
Wednesday
Saturday
Saturday
Thursday
Tuesday
Monday
Sunday
Friday
Wednesday
Thursday
Tuesday
Thursday
Thursday
Thursday
Saturday
Friday
Thursday
Saturday
Wednesday
Sunday
Tuesday
Saturday
Monday
Sunday
Friday
Friday
Wednesday
Friday
Sunday
Wednesday
Thursday
Friday
Thursday
Saturday
Wednesday
Wednesday
Monday
Friday
Friday
Thursday
Monday
Monday
Tuesday
Friday
Sunday
Friday
Monday
Saturday
Thursday
Saturday
Saturday
Monday
Monday
Monday
Wednesday
Wednesday
Saturday
Monday
Sunday
Friday
Thursday
Saturday
Thursday
Monday
Thursday
Saturday
Tuesday
Tuesday
Friday
Monday
Sunday
Monday
Friday
Sunday
Monday
Sunday
Monday
Saturday
Thursday
Friday
Saturday
Friday
Tuesday
Sunday
Wednesday
Thursday
Sunday
Thursday
Friday
Sunday
Monday
Tuesday
Thursday
Tuesday
Tuesday
Saturday
Tuesday
Friday
Friday
Monday
Sunday
Tuesday
Tuesday
Sunday
Thursday
Tuesday
Monday
Tuesday
Wednesday
Wednesday
Saturday
Sunday
Friday
Wednesday
Tuesday
Thursday
Saturday
Saturday
Friday
Tuesday
Saturday
Tuesday
Friday
Saturday
Thursday
Sunday
Saturday
Tuesday
Saturday
Wednesday
Friday
Monday
Friday
Saturday
Monday
Tuesday
Friday
Saturday
Friday
Sunday
Friday
Wednesday
Thursday
Sunday
Wednesday
Thursday
Saturday
Thursday
Wednesday
Friday
Sunday
Sunday
Friday
Sunday
Friday
Thursday
Sunday
Saturday
Saturday
Monday
Sunday
Saturday
Wednesday
Sunday
Wednesday
Friday
Tuesday
Thursday
Monday
Friday
Tuesday
Friday
Friday
Friday
Monday
Friday
Tuesday
Saturday
Sunday
Friday
Sunday
Wednesday
Friday
Tuesday
Wednesday
Monday
Saturday
Wednesday
Monday
Saturday
Saturday
Wednesday
Tuesday
Thursday
Monday
Monday
Monday
Saturday
Tuesday
Wednesday
Wednesday
Friday
Tuesday
Sunday
Saturday
Monday
Friday
Friday
Thursday
Sunday
Monday
Monday
Tuesday
Monday
Friday
Saturday
Wednesday
Monday
Sunday
Monday
Tuesday
Wednesday
Friday
Friday
Thursday
Monday
Sunday
Tuesday
Friday
Tuesday
Friday
Friday
Wednesday
Friday
Monday
Monday
Saturday
Wednesday
Monday
Wednesday
Monday
Tuesday
Tuesday
Thursday
Tuesday
Saturday
Thursday
Monday
Monday
Friday
Friday
Friday
Monday
Sunday
Monday
Tuesday
Wednesday
Friday
Thursday
Sunday
Thursday
Sunday
Friday
Sunday
Friday
Monday
Thursday
Saturday
Tuesday
Thursday
Sunday
Saturday
Thursday
Monday
Saturday
Wednesday
Saturday
Sunday
Thursday
Friday
Saturday
Thursday
Thursday
Friday
Saturday
Monday
Wednesday
Thursday
Tuesday
Wednesday
Wednesday
Sunday
Monday
Friday
Monday
Friday
Tuesday
Sunday
Wednesday
Sunday
Sunday
Monday
Sunday
Tuesday
Tuesday
Thursday
Saturday
Friday
Saturday
Wednesday
Wednesday
Saturday
Thursday
Wednesday
Tuesday
Sunday
Tuesday
Saturday
Wednesday
Thursday
Friday
Wednesday
Sunday
Wednesday
Friday
Friday
Sunday
Wednesday
Wednesday
Monday
Saturday
Friday
Thursday
Tuesday
Thursday
Sunday
Sunday
Thursday
Tuesday
Monday
Monday
Wednesday
Thursday
Saturday
Thursday
Thursday
Sunday
Wednesday
Wednesday
Friday
Monday
Saturday
Monday
Tuesday
Tuesday
Friday
Sunday
Sunday
Friday
Tuesday
Friday
Wednesday
Tuesday
Sunday
Sunday
Saturday
Thursday
Saturday
Wednesday
Wednesday
Wednesday
Friday
Friday
Monday
Saturday
Tuesday
Monday
Thursday
Saturday
Friday
Monday
Tuesday
Wednesday
Thursday
Thursday
Tuesday
Monday
Wednesday
Thursday
Thursday
Sunday
Wednesday
Monday
Sunday
Wednesday
Tuesday
Friday
Tuesday
Sunday
Monday
Monday
Saturday
Tuesday
Monday
Saturday
Thursday
Tuesday
Wednesday
Thursday
Saturday
Saturday
Friday
Thursday
Sunday
Thursday
Friday
Wednesday
Tuesday
Tuesday
Saturday
Tuesday
Wednesday
Sunday
Thursday
Monday
Saturday
Tuesday
Monday
Monday
Friday
Thursday
Tuesday
Wednesday
Tuesday
Sunday
Saturday
Sunday
Wednesday
Thursday
Tuesday
Monday
Tuesday
Saturday
Thursday
Saturday
Friday
Wednesday
Saturday
Monday
Friday
Saturday
Monday
Tuesday
Thursday
Monday
Thursday
Thursday
Saturday
Tuesday
Sunday
Wednesday
Sunday
Saturday
Tuesday
Thursday
Wednesday
Wednesday
Friday
Sunday
Sunday
Friday
Tuesday
Friday
Thursday
Tuesday
Wednesday
Sunday
Tuesday
Thursday
Thursday
Monday
Saturday
Wednesday
Tuesday
Wednesday
Friday
Wednesday
Friday
Monday
Sunday
Wednesday
Sunday
Friday
Tuesday
Wednesday
Sunday
Sunday
Monday
Thursday
Wednesday
Tuesday
Wednesday
Wednesday
Friday
Sunday
Sunday
Saturday
Wednesday
Thursday
Tuesday
Sunday
Thursday
Saturday
Wednesday
Tuesday
Thursday
Tuesday
Thursday
Friday
Thursday
Monday
Wednesday
Sunday
Wednesday
Friday
Friday
Sunday
Friday
Tuesday
Monday
Saturday
Monday
Tuesday
Sunday
Saturday
Wednesday
Monday
Sunday
Thursday
Monday
Tuesday
Saturday
Wednesday
Sunday
Thursday
Wednesday
Friday
Thursday
Tuesday
Monday
Sunday
Thursday
Monday
Thursday
Thursday
Wednesday
Thursday
Sunday
Monday
Friday
Sunday
Saturday
Sunday
Tuesday
Monday
Monday
Saturday
Wednesday
Tuesday
Saturday
Sunday
Monday
Saturday
Thursday
Monday
Thursday
Sunday
Friday
Monday
Tuesday
Sunday
Wednesday
Saturday
Wednesday
Saturday
Sunday
Monday
Friday
Monday
Wednesday
Friday
Friday
Wednesday
Saturday
Thursday
Thursday
Tuesday
Monday
Monday
Saturday
Friday
Wednesday
Sunday
Sunday
Saturday
Friday
Thursday
Thursday
Tuesday
Friday
Wednesday
Thursday
Friday
Tuesday
Friday
Wednesday
Monday
Thursday
Sunday
Friday
Tuesday
Monday
Friday
Monday
Monday
Saturday
Sunday
Tuesday
Friday
Tuesday
Monday
Wednesday
Sunday
Wednesday
Monday
Wednesday
Friday
Sunday
Sunday
Saturday
Wednesday
Saturday
Sunday
Monday
Thursday
Sunday
Friday
Friday
Sunday
Saturday
Monday
Tuesday
Thursday
Friday
Thursday
Sunday
Thursday
Monday
Sunday
Thursday
Tuesday
Saturday
Wednesday
Tuesday
Thursday
Wednesday
Friday
Thursday
Sunday
Thursday
Thursday
Sunday
Tuesday
Sunday
Wednesday
Friday
Thursday
Sunday
Sunday
Monday
Sunday
Friday
Sunday
Thursday
Monday
Saturday
Saturday
Thursday
Tuesday
Tuesday
Friday
Thursday
Sunday
Thursday
Sunday
Saturday
Monday
Friday
Wednesday
Monday
Friday
Thursday
Wednesday
Friday
Thursday
Tuesday
Tuesday
Saturday
Saturday
Friday
Sunday
Saturday
Monday
Monday
Sunday
Monday
Thursday
Saturday
Friday
Friday
Saturday
Friday
Friday
Friday
Sunday
Sunday
Monday
Saturday
Thursday
Monday
Friday
Tuesday
Sunday
Thursday
Saturday
Sunday
Wednesday
Thursday
Tuesday
Saturday
Tuesday
Thursday
Tuesday
Thursday
Wednesday
Tuesday
Saturday
Friday
Monday
Saturday
Tuesday
Saturday
Sunday
Wednesday
Tuesday
Monday
Monday
Saturday
Saturday
Saturday
Saturday
Saturday
Friday
Wednesday
Thursday
Friday
Monday
Monday
Thursday
Saturday
Sunday
Saturday
Monday
Friday
Sunday
Tuesday
Sunday
Monday
Thursday
Sunday
Wednesday
Monday
Thursday
Saturday
Tuesday
Thursday
Thursday
Monday
Friday
Tuesday
Monday
Wednesday
Monday
Sunday
Sunday
Friday
Sunday
Saturday
Monday
Tuesday
Wednesday
Tuesday
Friday
Monday
Sunday
Friday
Thursday
Wednesday
Tuesday
Tuesday
Thursday
Wednesday
Thursday
Friday
Sunday
Wednesday
Friday
Thursday
Tuesday
Thursday
Thursday
Monday
Tuesday
Monday
Sunday
Thursday
Sunday
Saturday
Wednesday
Sunday
Tuesday
Thursday
Monday
Friday
Tuesday
Friday
Tuesday
Monday
Monday
Tuesday
Monday
Monday
Saturday
Wednesday
Thursday
Monday
Wednesday
Friday
Thursday
Sunday
Friday
Tuesday
Friday
Friday
Friday
Sunday
Tuesday
Monday
Tuesday
Friday
Friday
Friday
Thursday
Sunday
Saturday
Wednesday
Wednesday
Saturday
Friday
Sunday
Thursday
Wednesday
Saturday
Thursday
Sunday
Sunday
Friday
Sunday
Friday
Friday
Saturday
Tuesday
Friday
Thursday
Saturday
Thursday
Saturday
Monday
Friday
Wednesday
Tuesday
Tuesday
Sunday
Wednesday
Friday
Thursday
Tuesday
Saturday
Saturday
Saturday
Saturday
Sunday
Wednesday
Wednesday
Sunday
Sunday
Thursday
Monday
Monday
Tuesday
Monday
Saturday
Saturday
Saturday
Saturday
Wednesday
Tuesday
Tuesday
Friday
Sunday
Tuesday
Friday
Thursday
Tuesday
Friday
Monday
Monday
Thursday
Thursday
Sunday
Tuesday
Friday
Thursday
Wednesday
Sunday
Friday
Saturday
Thursday
Thursday
Wednesday
Wednesday
Thursday
Thursday
Monday
Saturday
Monday
Saturday
Friday
Tuesday
Tuesday
Sunday
Friday
Saturday
Tuesday
Thursday
Wednesday
Sunday
Wednesday
Monday
Sunday
Monday
Saturday
Thursday
Thursday
Sunday
Thursday
Thursday
Thursday
Thursday
Saturday
Tuesday
Tuesday
Tuesday
Saturday
Saturday
Wednesday
Thursday
Sunday
Friday
Saturday
Tuesday
Thursday
Thursday
Friday
Wednesday
Friday
Monday
Sunday
Thursday
Monday
Monday
Wednesday
Saturday
Monday
Thursday
Sunday
Saturday
Friday
Saturday
Friday
Friday
Wednesday
Friday
Friday
Saturday
Tuesday
Saturday
Tuesday
Thursday
Monday
Saturday
Sunday
Sunday
Sunday
Wednesday
Saturday
Tuesday
Monday
Saturday
Sunday
Sunday
Wednesday
Wednesday
Monday
Monday
Friday
Sunday
Tuesday
Friday
Tuesday
Wednesday
Sunday
Monday
Saturday
Friday
Saturday
Sunday
Monday
Monday
Tuesday
Tuesday
Tuesday
Wednesday
Friday
Saturday
Wednesday
Monday
Saturday
Friday
Tuesday
Monday
Sunday
Friday
Tuesday
Tuesday
Friday
Sunday
Thursday
Wednesday
Sunday
Monday
Sunday
Monday
Tuesday
Tuesday
Thursday
Sunday
Saturday
Sunday
Sunday
Thursday
Wednesday
Wednesday
Tuesday
Sunday
Wednesday
Tuesday
Wednesday
Friday
Friday
Wednesday
Friday
Thursday
Sunday
Wednesday
Sunday
Tuesday
Sunday
Tuesday
Saturday
Thursday
Monday
Sunday
Friday
Wednesday
Monday
Friday
Saturday
Tuesday
Tuesday
Wednesday
Friday
Monday
Thursday
Tuesday
Thursday
Friday
Sunday
Monday
Monday
Thursday
Sunday
Thursday
Monday
Tuesday
Thursday
Sunday
Wednesday
Saturday
Tuesday
Sunday
Sunday
Saturday
Thursday
Sunday
Thursday
Sunday
Sunday
Monday
Friday
Sunday
Thursday
Thursday
Thursday
Saturday
Thursday
Saturday
Thursday
Sunday
Friday
Monday
Thursday
Wednesday
Monday
Sunday
Tuesday
Sunday
Thursday
Saturday
Wednesday
Sunday
Monday
Monday
Sunday
Saturday
Saturday
Wednesday
Monday
Monday
Wednesday
Saturday
Tuesday
Saturday
Friday
Sunday
Friday
Sunday
Friday
Sunday
Thursday
Tuesday
Monday
Tuesday
Tuesday
Thursday
Wednesday
Wednesday
Thursday
Sunday
Saturday
Wednesday
Friday
Monday
Thursday
Sunday
Friday
Monday
Wednesday
Friday
Wednesday
Saturday
Thursday
Tuesday
Sunday
Thursday
Saturday
Tuesday
Thursday
Monday
Thursday
Wednesday
Tuesday
Thursday
Thursday
Wednesday
Monday
Tuesday
Saturday
Sunday
Saturday
Thursday
Thursday
Tuesday
Tuesday
Saturday
Sunday
Tuesday
Wednesday
Wednesday
Saturday
Monday
Wednesday
Friday
Sunday
Sunday
Saturday
Thursday
Monday
Friday
Thursday
Thursday
Wednesday
Tuesday
Thursday
Wednesday
Monday
Sunday
Wednesday
Monday
Tuesday
Thursday
Tuesday
Friday
Sunday
Saturday
Monday
Thursday
Friday
Wednesday
Tuesday
Monday
Tuesday
Thursday
Friday
Thursday
Wednesday
Saturday
Monday
Tuesday
Wednesday
Thursday
Wednesday
Friday
Thursday
Friday
Sunday
Friday
Monday
Friday
Sunday
Tuesday
Sunday
Wednesday
Monday
Friday
Thursday
Tuesday
Thursday
Wednesday
Tuesday
Thursday
Wednesday
Sunday
Monday
Monday
Friday
Friday
Tuesday
Saturday
Tuesday
Sunday
Tuesday
Tuesday
Monday
Friday
Sunday
Friday
Thursday
Friday
Friday
Tuesday
Monday
Sunday
Saturday
Friday
Tuesday
Tuesday
Tuesday
Sunday
Friday
Tuesday
Monday
Sunday
Saturday
Wednesday
Thursday
Saturday
Thursday
Monday
Thursday
Saturday
Friday
Sunday
Saturday
Monday
Wednesday
Tuesday
Wednesday
Saturday
Wednesday
Thursday
Wednesday
Sunday
Tuesday
Monday
Saturday
Monday
Tuesday
Saturday
Monday
Sunday
Thursday
Tuesday
Tuesday
Saturday
Thursday
Wednesday
Thursday
Friday
Sunday
Friday
Thursday
Sunday
Tuesday
Saturday
Wednesday
Monday
Sunday
Wednesday
Sunday
Sunday
Thursday
Wednesday
Sunday
Wednesday
Wednesday
Sunday
Friday
Tuesday
Sunday
Friday
Tuesday
Wednesday
Wednesday
Wednesday
Sunday
Friday
Saturday
Friday
Tuesday
Wednesday
Tuesday
Thursday
Monday
Friday
Wednesday
Friday
Friday
Wednesday
Saturday
Tuesday
Saturday
Tuesday
Friday
Friday
Sunday
Tuesday
Saturday
Thursday
Saturday
Monday
Saturday
Saturday
Monday
Wednesday
Friday
Monday
Monday
Saturday
Friday
Saturday
Tuesday
Monday
Thursday
Sunday
Saturday
Friday
Thursday
Tuesday
Tuesday
Friday
Tuesday
Saturday
Tuesday
Tuesday
Tuesday
Saturday
Thursday
Monday
Monday
Sunday
Wednesday
Monday
Friday
Friday
Thursday
Thursday
Thursday
Saturday
Sunday
Wednesday
Friday
Sunday
Saturday
Friday
Thursday
Thursday
Sunday
Wednesday
Wednesday
Saturday
Tuesday
Sunday
Friday
Saturday
Tuesday
Thursday
Wednesday
Tuesday
Tuesday
Thursday
Thursday
Sunday
Thursday
Monday
Saturday
Saturday
Saturday
Thursday
Monday
Monday
Friday
Monday
Saturday
Thursday
Friday
Monday
Saturday
Friday
Sunday
Saturday
Friday
Friday
Thursday
Tuesday
Friday
Sunday
Tuesday
Friday
Tuesday
Thursday
Monday
Tuesday
Monday
Monday
Thursday
Thursday
Wednesday
Monday
Friday
Saturday
Sunday
Monday
Wednesday
Monday
Wednesday
Monday
Saturday
Tuesday
Friday
Wednesday
Tuesday
Thursday
Monday
Saturday
Saturday
Sunday
Tuesday
Wednesday
Friday
Monday
Thursday
Tuesday
Sunday
Sunday
Wednesday
Thursday
Monday
Tuesday
Friday
Sunday
Thursday
Tuesday
Saturday
Wednesday
Tuesday
Friday
Saturday
Sunday
Sunday
Monday
Thursday
Wednesday
Monday
Saturday
Monday
Tuesday
Saturday
Saturday
Monday
Tuesday
Monday
Saturday
Wednesday
Sunday
Tuesday
Monday
Friday
Wednesday
Sunday
Sunday
Wednesday
Saturday
Thursday
Thursday
Tuesday
Monday
Wednesday
Wednesday
Sunday
Thursday
Tuesday
Tuesday
Sunday
Saturday
Monday
Sunday
Thursday
Friday
Saturday
Thursday
Sunday
Tuesday
Saturday
Saturday
Saturday
Saturday
Monday
Monday
Wednesday
Thursday
Tuesday
Monday
Monday
Wednesday
Wednesday
Wednesday
Friday
Wednesday
Wednesday
Sunday
Saturday
Saturday
Wednesday
Wednesday
Thursday
Tuesday
Monday
Monday
Sunday
Sunday
Saturday
Sunday
Sunday
Monday
Saturday
Monday
Tuesday
Tuesday
Sunday
Thursday
Monday
Monday
Wednesday
Saturday
Monday
Sunday
Wednesday
Saturday
Saturday
Thursday
Saturday
Wednesday
Wednesday
Thursday
Tuesday
Sunday
Friday
Thursday
Tuesday
Thursday
Friday
Monday
Monday
Monday
Tuesday
Monday
Saturday
Monday
Saturday
Wednesday
Wednesday
Thursday
Friday
Friday
Monday
Friday
Tuesday
Thursday
Friday
Tuesday
Thursday
Friday
Thursday
Wednesday
Tuesday
Thursday
Saturday
Tuesday
Sunday
Friday
Sunday
Thursday
Friday
Monday
Tuesday
Wednesday
Saturday
Wednesday
Thursday
Saturday
Sunday
Friday
Sunday
Thursday
Wednesday
Monday
Wednesday
Friday
Friday
Monday
Saturday
Sunday
Thursday
Tuesday
Sunday
Saturday
Friday
Tuesday
Wednesday
Sunday
Wednesday
Saturday
Wednesday
Friday
Friday
Monday
Monday
Tuesday
Wednesday
Sunday
Saturday
Friday
Sunday
Saturday
Monday
Tuesday
Thursday
Thursday
Friday
Saturday
Monday
Tuesday
Wednesday
Tuesday
Thursday
Sunday
Saturday
Friday
Wednesday
Wednesday
Saturday
Monday
Saturday
Tuesday
Thursday
Friday
Wednesday
Wednesday
Wednesday
Thursday
Tuesday
Monday
Monday
Monday
Thursday
Saturday
Monday
Sunday
Thursday
Saturday
Wednesday
Saturday
Sunday
Friday
Monday
Friday
Wednesday
Thursday
Friday
Thursday
Sunday
Sunday
Thursday
Thursday
Saturday
Sunday
Wednesday
Sunday
Thursday
Thursday
Monday
Wednesday
Saturday
Thursday
Tuesday
Friday
Friday
Tuesday
Saturday
Tuesday
Sunday
Wednesday
Wednesday
Sunday
Tuesday
Thursday
Sunday
Friday
Friday
Monday
Friday
Saturday
Sunday
Friday
Tuesday
Wednesday
Thursday
Monday
Sunday
Friday
Sunday
Saturday
Thursday
Wednesday
Sunday
Thursday
Monday
Thursday
Friday
Wednesday
Thursday
Thursday
Saturday
Thursday
Tuesday
Wednesday
Friday
Wednesday
Thursday
Wednesday
Tuesday
Thursday
Wednesday
Monday
Wednesday
Tuesday
Saturday
Wednesday
Saturday
Sunday
Tuesday
Sunday
Sunday
Thursday
Sunday
Sunday
Tuesday
Wednesday
Friday
Thursday
Thursday
Friday
Saturday
Tuesday
Tuesday
Thursday
Saturday
Tuesday
Monday
Thursday
Thursday
Sunday
Saturday
Wednesday
Wednesday
Monday
Monday
Saturday
Saturday
Saturday
Tuesday
Thursday
Monday
Tuesday
Wednesday
Friday
Thursday
Saturday
Wednesday
Friday
Saturday
Thursday
Wednesday
Friday
Sunday
Wednesday
Sunday
Friday
Sunday
Friday
Saturday
Friday
Friday
Saturday
Saturday
Sunday
Thursday
Friday
Saturday
Friday
Wednesday
Wednesday
Wednesday
Thursday
Saturday
Thursday
Sunday
Wednesday
Friday
Tuesday
Tuesday
Thursday
Sunday
Wednesday
Thursday
Thursday
Tuesday
Tuesday
Sunday
Thursday
Saturday
Tuesday
Friday
Monday
Wednesday
Monday
Tuesday
Saturday
Thursday
Tuesday
Saturday
Monday
Friday
Thursday
Thursday
Monday
Friday
Wednesday
Tuesday
Tuesday
Sunday
Friday
Friday
Tuesday
Thursday
Friday
Wednesday
Friday
Sunday
Friday
Thursday
Friday
Thursday
Sunday
Sunday
Thursday
Monday
Tuesday
Friday
Sunday
Wednesday
Friday
Saturday
Monday
Tuesday
Friday
Sunday
Sunday
Tuesday
Saturday
Thursday
Friday
Thursday
Monday
Monday
Saturday
Sunday
Wednesday
Tuesday
Saturday
Friday
Sunday
Wednesday
Sunday
Saturday
Thursday
Saturday
Sunday
Tuesday
Sunday
Tuesday
Wednesday
Monday
Monday
Friday
Thursday
Monday
Sunday
Wednesday
Friday
Monday
Monday
Wednesday
Friday
Friday
Thursday
Wednesday
Wednesday
Thursday
Saturday
Saturday
Thursday
Saturday
Monday
Friday
Monday
Tuesday
Thursday
Friday
Tuesday
Saturday
Thursday
Monday
Thursday
Thursday
Monday
Wednesday
Friday
Saturday
Wednesday
Sunday
Sunday
Thursday
Monday
Monday
Wednesday
Sunday
Friday
Tuesday
Tuesday
Wednesday
Saturday
Friday
Tuesday
Wednesday
Thursday
Friday
Wednesday
Thursday
Monday
Tuesday
Wednesday
Tuesday
Thursday
Friday
Saturday
Saturday
Saturday
Wednesday
Wednesday
Monday
Sunday
Friday
Saturday
Monday
Friday
Thursday
Sunday
Thursday
Thursday
Thursday
Tuesday
Thursday
Sunday
Sunday
Friday
Monday
Thursday
Tuesday
Sunday
Tuesday
Tuesday
Tuesday
Wednesday
Monday
Monday
Wednesday
Monday
Tuesday
Thursday
Friday
Tuesday
Friday
Tuesday
Sunday
Sunday
Sunday
Saturday
Saturday
Sunday
Saturday
Friday
Monday
Thursday
Monday
Wednesday
Monday
Friday
Wednesday
Saturday
Wednesday
Thursday
Wednesday
Monday
Sunday
Thursday
Tuesday
Sunday
Friday
Tuesday
Wednesday
Tuesday
Tuesday
Tuesday
Sunday
Friday
Monday
Tuesday
Wednesday
Monday
Friday
Tuesday
Thursday
Wednesday
Monday
Wednesday
Saturday
Friday
Sunday
Monday
Thursday
Monday
Thursday
Wednesday
Thursday
Tuesday
Monday
Wednesday
Saturday
Saturday
Wednesday
Thursday
Tuesday
Saturday
Friday
Wednesday
Monday
Friday
Sunday
Thursday
Monday
Wednesday
Wednesday
Tuesday
Saturday
Friday
Saturday
Wednesday
Thursday
Tuesday
Monday
Tuesday
Sunday
Sunday
Tuesday
Thursday
Wednesday
Thursday
Monday
Sunday
Sunday
Wednesday
Sunday
Sunday
Thursday
Friday
Monday
Friday
Monday
Sunday
Wednesday
Monday
Friday
Saturday
Tuesday
Tuesday
Sunday
Tuesday
Thursday
Monday
Sunday
Friday
Friday
Tuesday
Thursday
Saturday
Monday
Saturday
Sunday
Friday
Sunday
Tuesday
Wednesday
Monday
Sunday
Wednesday
Monday
Monday
Wednesday
Friday
Saturday
Tuesday
Wednesday
Wednesday
Wednesday
Sunday
Thursday
Saturday
Saturday
Wednesday
Sunday
Wednesday
Sunday
Sunday
Friday
Thursday
Friday
Thursday
Sunday
Saturday
Saturday
Sunday
Saturday
Friday
Wednesday
Monday
Saturday
Tuesday
Sunday
Tuesday
Thursday
Thursday
Thursday
Friday
Tuesday
Monday
Thursday
Tuesday
Wednesday
Friday
Saturday
Sunday
Monday
Sunday
Friday
Monday
Friday
Wednesday
Wednesday
Thursday
Tuesday
Tuesday
Sunday
Monday
Thursday
Saturday
Friday
Monday
Thursday
Friday
Tuesday
Saturday
Sunday
Thursday
Wednesday
Thursday
Thursday
Wednesday
Tuesday
Saturday
Friday
Thursday
Thursday
Sunday
Saturday
Thursday
Friday
Sunday
Sunday
Tuesday
Monday
Thursday
Sunday
Sunday
Sunday
Tuesday
Monday
Thursday
Sunday
Wednesday
Sunday
Tuesday
Friday
Saturday
Thursday
Sunday
Wednesday
Friday
Tuesday
Monday
Monday
Friday
Monday
Tuesday
Wednesday
Thursday
Saturday
Friday
Thursday
Tuesday
Saturday
Wednesday
Tuesday
Monday
Monday
Sunday
Sunday
Saturday
Tuesday
Tuesday
Friday
Thursday
Tuesday
Wednesday
Sunday
Tuesday
Tuesday
Saturday
Tuesday
Monday
Saturday
Sunday
Friday
Monday
Sunday
Friday
Tuesday
Tuesday
Monday
Thursday
Wednesday
Saturday
Sunday
Sunday
Friday
Thursday
Sunday
Thursday
Wednesday
Friday
Tuesday
Monday
Friday
Monday
Thursday
Friday
Wednesday
Monday
Friday
Wednesday
Monday
Thursday
Thursday
Thursday
Monday
Sunday
Friday
Thursday
Saturday
Thursday
Tuesday
Sunday
Sunday
Sunday
Saturday
Friday
Wednesday
Monday
Wednesday
Friday
Friday
Thursday
Friday
Friday
Thursday
Sunday
Friday
Wednesday
Tuesday
Sunday
Monday
Monday
Saturday
Tuesday
Sunday
Saturday
Monday
Friday
Sunday
Monday
Monday
Saturday
Saturday
Monday
Wednesday
Friday
Monday
Monday
Saturday
Monday
Wednesday
Saturday
Sunday
Saturday
Tuesday
Thursday
Monday
Sunday
Friday
Monday
Monday
Saturday
Wednesday
Friday
Thursday
Thursday
Sunday
Saturday
Thursday
Wednesday
Saturday
Monday
Thursday
Thursday
Saturday
Monday
Monday
Thursday
Friday
Saturday
Saturday
Sunday
Monday
Sunday
Tuesday
Monday
Saturday
Tuesday
Sunday
Thursday
Monday
Friday
Wednesday
Saturday
Sunday
Saturday
Saturday
Sunday
Tuesday
Sunday
Saturday
Sunday
Friday
Friday
Sunday
Tuesday
Saturday
Sunday
Friday
Wednesday
Monday
Monday
Tuesday
Friday
Thursday
Tuesday
Sunday
Tuesday
Tuesday
Tuesday
Sunday
Friday
Saturday
Thursday
Thursday
Sunday
Monday
Wednesday
Sunday
Saturday
Saturday
Friday
Thursday
Monday
Wednesday
Friday
Wednesday
Tuesday
Wednesday
Friday
Wednesday
Monday
Wednesday
Sunday
Monday
Thursday
Sunday
Friday
Thursday
Thursday
Tuesday
Wednesday
Wednesday
Thursday
Saturday
Monday
Thursday
Sunday
Thursday
Monday
Saturday
Friday
Sunday
Tuesday
Wednesday
Friday
Sunday
Tuesday
Saturday
Thursday
Monday
Tuesday
Thursday
Monday
Wednesday
Sunday
Friday
Friday
Sunday
Tuesday
Tuesday
Friday
Tuesday
Tuesday
Monday
Thursday
Tuesday
Sunday
Thursday
Monday
Thursday
Thursday
Thursday
Thursday
Tuesday
Monday
Saturday
Saturday
Thursday
Friday
Thursday
Friday
Friday
Wednesday
Sunday
Sunday
Sunday
Monday
Wednesday
Thursday
Wednesday
Saturday
Sunday
Tuesday
Monday
Wednesday
Wednesday
Friday
Sunday
Tuesday
Thursday
Sunday
Sunday
Wednesday
Friday
Wednesday
Thursday
Sunday
Tuesday
Monday
Thursday
Thursday
Thursday
Thursday
Sunday
Thursday
Monday
Wednesday
Monday
Tuesday
Thursday
Sunday
Sunday
Wednesday
Monday
Wednesday
Saturday
Tuesday
Sunday
Monday
Friday
Wednesday
Saturday
Tuesday
Friday
Saturday
Monday
Wednesday
Sunday
Saturday
Monday
Monday
Monday
Tuesday
Monday
Monday
Friday
Saturday
Sunday
Saturday
Friday
Thursday
Monday
Monday
Wednesday
Tuesday
Saturday
Thursday
Friday
Wednesday
Monday
Monday
Friday
Friday
Wednesday
Wednesday
Tuesday
Sunday
Monday
Tuesday
Wednesday
Thursday
Saturday
Wednesday
Tuesday
Sunday
Wednesday
Sunday
Wednesday
Monday
Thursday
Friday
Friday
Sunday
Tuesday
Friday
Thursday
Tuesday
Wednesday
Sunday
Saturday
Friday
Thursday
Saturday
Monday
Tuesday
Thursday
Thursday
Tuesday
Wednesday
Wednesday
Saturday
Thursday
Friday
Friday
Thursday
Monday
Sunday
Friday
Tuesday
Thursday
Monday
Friday
Saturday
Monday
Friday
Thursday
Friday
Tuesday
Saturday
Sunday
Saturday
Monday
Sunday
Friday
Saturday
Thursday
Friday
Friday
Thursday
Saturday
Monday
Monday
Friday
Saturday
Sunday
Wednesday
Monday
Monday
Thursday
Sunday
Tuesday
Monday
Saturday
Thursday
Friday
Wednesday
Monday
Friday
Monday
Wednesday
Saturday
Thursday
Thursday
Tuesday
Friday
Tuesday
Monday
Friday
Tuesday
Monday
Sunday
Tuesday
Saturday
Wednesday
Thursday
Tuesday
Friday
Thursday
Sunday
Sunday
Tuesday
Saturday
Sunday
Monday
Wednesday
Sunday
Sunday
Wednesday
Sunday
Tuesday
Thursday
Thursday
Friday
Friday
Friday
Friday
Sunday
Sunday
Tuesday
Tuesday
Wednesday
Thursday
Tuesday
Sunday
Sunday
Sunday
Monday
Monday
Wednesday
Tuesday
Tuesday
Friday
Monday
Monday
Saturday
Monday
Thursday
Friday
Thursday
Monday
Friday
Friday
Friday
Friday
Saturday
Friday
Thursday
Thursday
Monday
Wednesday
Sunday
Thursday
Friday
Tuesday
Friday
Wednesday
Friday
Tuesday
Friday
Thursday
Saturday
Wednesday
Saturday
Monday
Wednesday
Tuesday
Thursday
Friday
Sunday
Friday
Thursday
Thursday
Wednesday
Friday
Wednesday
Thursday
Thursday
Thursday
Friday
Sunday
Monday
Saturday
Friday
Tuesday
Thursday
Wednesday
Thursday
Wednesday
Monday
Saturday
Monday
Tuesday
Thursday
Tuesday
Saturday
Saturday
Thursday
Friday
Friday
Sunday
Thursday
Saturday
Wednesday
Wednesday
Monday
Thursday
Tuesday
Saturday
Sunday
Friday
Wednesday
Wednesday
Saturday
Tuesday
Tuesday
Saturday
Wednesday
Tuesday
Tuesday
Monday
Monday
Monday
Sunday
Sunday
Wednesday
Tuesday
Tuesday
Sunday
Sunday
Tuesday
Tuesday
Sunday
Monday
Sunday
Wednesday
Tuesday
Wednesday
Friday
Tuesday
Tuesday
Tuesday
Wednesday
Sunday
Friday
Sunday
Sunday
Thursday
Monday
Thursday
Wednesday
Sunday
Monday
Tuesday
Friday
Sunday
Saturday
Monday
Wednesday
Saturday
Sunday
Monday
Sunday
Thursday
Saturday
Saturday
Wednesday
Sunday
Saturday
Tuesday
Tuesday
Saturday
Monday
Saturday
Saturday
Sunday
Saturday
Thursday
Monday
Friday
Monday
Saturday
Saturday
Wednesday
Wednesday
Thursday
Sunday
Thursday
Wednesday
Saturday
Saturday
Monday
Friday
Monday
Monday
Saturday
Sunday
Thursday
Wednesday
Monday
Saturday
Thursday
Wednesday
Tuesday
Sunday
Saturday
Sunday
Tuesday
Tuesday
Tuesday
Wednesday
Sunday
Wednesday
Monday
Wednesday
Wednesday
Sunday
Tuesday
Monday
Wednesday
Friday
Thursday
Thursday
Sunday
Thursday
Tuesday
Friday
Saturday
Wednesday
Monday
Sunday
Wednesday
Sunday
Monday
Wednesday
Saturday
Sunday
Tuesday
Monday
Thursday
Monday
Friday
Wednesday
Thursday
Wednesday
Thursday
Sunday
Tuesday
Wednesday
Friday
Sunday
Wednesday
Tuesday
Monday
Wednesday
Saturday
Tuesday
Friday
Sunday
Monday
Wednesday
Saturday
Thursday
Friday
Friday
Thursday
Saturday
Sunday
Sunday
Wednesday
Sunday
Wednesday
Friday
Wednesday
Wednesday
Wednesday
Saturday
Thursday
Tuesday
Sunday
Monday
Thursday
Tuesday
Wednesday
Saturday
Monday
Wednesday
Saturday
Saturday
Sunday
Saturday
Sunday
Sunday
Saturday
Friday
Thursday
Sunday
Friday
Tuesday
Tuesday
Thursday
Friday
Friday
Tuesday
Monday
Wednesday
Monday
Saturday
Tuesday
Monday
Monday
Thursday
Wednesday
Saturday
Friday
Monday
Friday
Sunday
Sunday
Wednesday
Thursday
Tuesday
Saturday
Saturday
Wednesday
Sunday
Wednesday
Sunday
Saturday
Wednesday
Friday
Monday
Sunday
Monday
Monday
Thursday
Saturday
Tuesday
Monday
Friday
Monday
Monday
Saturday
Thursday
Thursday
Friday
Monday
Tuesday
Thursday
Thursday
Sunday
Sunday
Monday
Saturday
Saturday
Sunday
Monday
Tuesday
Monday
Sunday
Sunday
Tuesday
Monday
Saturday
Sunday
Thursday
Saturday
Monday
Thursday
Tuesday
Saturday
Tuesday
Thursday
Monday
Monday
Monday
Monday
Saturday
Friday
Thursday
Monday
Monday
Tuesday
Wednesday
Wednesday
Saturday
Thursday
Monday
Saturday
Sunday
Sunday
Tuesday
Friday
Monday
Thursday
Monday
Sunday
Sunday
Tuesday
Thursday
Thursday
Wednesday
Friday
Tuesday
Sunday
Thursday
Sunday
Tuesday
Sunday
Saturday
Friday
Sunday
Wednesday
Tuesday
Monday
Friday
Thursday
Tuesday
Wednesday
Thursday
Friday
Wednesday
Monday
Friday
Monday
Friday
Thursday
Saturday
Thursday
Wednesday
Tuesday
Saturday
Thursday
Sunday
Monday
Thursday
Thursday
Tuesday
Sunday
Friday
Tuesday
Tuesday
Thursday
Tuesday
Tuesday
Friday
Monday
Friday
Tuesday
Wednesday
Tuesday
Monday
Tuesday
Sunday
Tuesday
Tuesday
Wednesday
Wednesday
Thursday
Saturday
Tuesday
Tuesday
Tuesday
Monday
Thursday
Saturday
Thursday
Sunday
Thursday
Wednesday
Saturday
Saturday
Saturday
Monday
Sunday
Friday
Tuesday
Friday
Saturday
Friday
Wednesday
Friday
Friday
Friday
Monday
Saturday
Monday
Monday
Thursday
Sunday
Saturday
Tuesday
Saturday
Thursday
Friday
Wednesday
Monday
Tuesday
Saturday
Sunday
Wednesday
Friday
Sunday
Thursday
Thursday
Monday
Saturday
Sunday
Friday
Friday
Friday
Wednesday
Saturday
Thursday
Wednesday
Wednesday
Saturday
Monday
Saturday
Sunday
Monday
Friday
Sunday
Sunday
Thursday
Tuesday
Monday
Sunday
Friday
Monday
Thursday
Friday
Monday
Monday
Friday
Monday
Wednesday
Saturday
Thursday
Friday
Friday
Sunday
Sunday
Sunday
Thursday
Sunday
Monday
Saturday
Saturday
Wednesday
Thursday
Monday
Thursday
Monday
Thursday
Tuesday
Friday
Thursday
Sunday
Saturday
Thursday
Sunday
Monday
Friday
Wednesday
Saturday
Tuesday
Thursday
Thursday
Friday
Wednesday
Thursday
Saturday
Sunday
Thursday
Saturday
Sunday
Thursday
Tuesday
Thursday
Wednesday
Sunday
Sunday
Wednesday
Thursday
Tuesday
Thursday
Thursday
Tuesday
Saturday
Saturday
Tuesday
Monday
Wednesday
Friday
Friday
Wednesday
Wednesday
Monday
Wednesday
Sunday
Saturday
Friday
Wednesday
Wednesday
Monday
Friday
Tuesday
Friday
Thursday
Wednesday
Thursday
Monday
Monday
Wednesday
Saturday
Saturday
Sunday
Thursday
Sunday
Saturday
Monday
Sunday
Friday
Saturday
Wednesday
Thursday
Wednesday
Thursday
Sunday
Sunday
Friday
Monday
Thursday
Wednesday
Saturday
Monday
Wednesday
Sunday
Thursday
Sunday
Friday
Monday
Tuesday
Wednesday
Tuesday
Monday
Friday
Tuesday
Tuesday
Tuesday
Wednesday
Wednesday
Saturday
Sunday
Saturday
Tuesday
Saturday
Monday
Saturday
Wednesday
Monday
Wednesday
Saturday
Saturday
Saturday
Friday
Monday
Saturday
Saturday
Thursday
Friday
Wednesday
Wednesday
Saturday
Tuesday
Monday
Monday
Tuesday
Saturday
Sunday
Saturday
Friday
Monday
Tuesday
Wednesday
Saturday
Saturday
Friday
Friday
Monday
Saturday
Monday
Saturday
Saturday
Sunday
Tuesday
Thursday
Thursday
Tuesday
Saturday
Wednesday
Thursday
Friday
Thursday
Thursday
Thursday
Tuesday
Wednesday
Friday
Friday
Monday
Friday
Monday
Sunday
Tuesday
Thursday
Friday
Tuesday
Tuesday
Saturday
Wednesday
Friday
Thursday
Saturday
Sunday
Sunday
Sunday
Saturday
Monday
Tuesday
Tuesday
Sunday
Sunday
Saturday
Thursday
Sunday
Thursday
Wednesday
Sunday
Monday
Thursday
Saturday
Tuesday
Wednesday
Thursday
Friday
Sunday
Thursday
Tuesday
Wednesday
Monday
Sunday
Friday
Friday
Saturday
Friday
Thursday
Saturday
Sunday
Tuesday
Thursday
Friday
Friday
Tuesday
Tuesday
Tuesday
Tuesday
Tuesday
Wednesday
Wednesday
Saturday
Friday
Wednesday
Sunday
Friday
Friday
Friday
Saturday
Wednesday
Saturday
Sunday
Sunday
Friday
Monday
Sunday
Sunday
Friday
Monday
Thursday
Thursday
Monday
Wednesday
Saturday
Friday
Friday
Friday
Monday
Thursday
Saturday
Wednesday
Monday
Wednesday
Wednesday
Wednesday
Sunday
Friday
Tuesday
Friday
Friday
Friday
Monday
Friday
Sunday
Friday
Friday
Wednesday
Saturday
Monday
Tuesday
Thursday
Sunday
Wednesday
Sunday
Tuesday
Tuesday
Thursday
Tuesday
Monday
Saturday
Thursday
Tuesday
Friday
Monday
Wednesday
Sunday
Tuesday
Thursday
Thursday
Sunday
Sunday
Thursday
Friday
Saturday
Saturday
Monday
Thursday
Monday
Thursday
Friday
Sunday
Monday
Tuesday
Thursday
Wednesday
Monday
Sunday
Monday
Monday
Wednesday
Saturday
Tuesday
Tuesday
Saturday
Thursday
Saturday
Friday
Tuesday
Monday
Thursday
Sunday
Thursday
Saturday
Sunday
Saturday
Sunday
Thursday
Sunday
Saturday
Monday
Saturday
Tuesday
Friday
Thursday
Wednesday
Sunday
Monday
Tuesday
Friday
Wednesday
Friday
Saturday
Tuesday
Tuesday
Wednesday
Saturday
Thursday
Friday
Tuesday
Tuesday
Tuesday
Sunday
Saturday
Saturday
Tuesday
Thursday
Saturday
Monday
Monday
Friday
Saturday
Tuesday
Wednesday
Saturday
Saturday
Sunday
Sunday
Thursday
Friday
Sunday
Thursday
Wednesday
Sunday
Monday
Tuesday
Saturday
Tuesday
Monday
Wednesday
Wednesday
Saturday
Sunday
Thursday
Tuesday
Tuesday
Monday
Thursday
Sunday
Saturday
Tuesday
Thursday
Thursday
Monday
Thursday
Friday
Friday
Friday
Wednesday
Monday
Tuesday
Thursday
Tuesday
Wednesday
Tuesday
Wednesday
Saturday
Wednesday
Saturday
Friday
Wednesday
Wednesday
Sunday
Friday
Friday
Thursday
Friday
Sunday
Tuesday
Monday
Saturday
Friday
Saturday
Sunday
Sunday
Sunday
Wednesday
Sunday
Monday
Wednesday
Thursday
Wednesday
Friday
Friday
Saturday
Monday
Saturday
Saturday
Friday
Saturday
Wednesday
Sunday
Tuesday
Sunday
Friday
Sunday
Saturday
Monday
Sunday
Thursday
Saturday
Thursday
Thursday
Tuesday
Thursday
Sunday
Thursday
Friday
Saturday
Friday
Saturday
Tuesday
Monday
Tuesday
Friday
Friday
Wednesday
Thursday
Friday
Wednesday
Tuesday
Sunday
Friday
Monday
Thursday
Thursday
Tuesday
Tuesday
Thursday
Tuesday
Sunday
Saturday
Friday
Tuesday
Sunday
Tuesday
Sunday
Saturday
Monday
Thursday
Friday
Wednesday
Monday
Thursday
Saturday
Thursday
Wednesday
Saturday
Sunday
Tuesday
Sunday
Thursday
Wednesday
Friday
Wednesday
Friday
Thursday
Thursday
Thursday
Saturday
Wednesday
Saturday
Friday
Wednesday
Tuesday
Sunday
Thursday
Tuesday
Sunday
Wednesday
Monday
Sunday
Friday
Wednesday
Thursday
Monday
Monday
Wednesday
Wednesday
Saturday
Wednesday
Wednesday
Sunday
Wednesday
Monday
Wednesday
Friday
Tuesday
Sunday
Sunday
Sunday
Sunday
Monday
Wednesday
Sunday
Saturday
Monday
Tuesday
Monday
Tuesday
Friday
Monday
Friday
Monday
Monday
Tuesday
Monday
Friday
Friday
Saturday
Wednesday
Sunday
Friday
Monday
Saturday
Sunday
Sunday
Sunday
Tuesday
Saturday
Monday
Thursday
Wednesday
Wednesday
Wednesday
Friday
Tuesday
Wednesday
Monday
Tuesday
Monday
Wednesday
Thursday
Wednesday
Saturday
Monday
Tuesday
Wednesday
Saturday
Wednesday
Wednesday
Monday
Sunday
Friday
Monday
Sunday
Thursday
Wednesday
Monday
Thursday
Monday
Saturday
Monday
Wednesday
Friday
Sunday
Saturday
Sunday
Saturday
Sunday
Tuesday
Sunday
Wednesday
Saturday
Thursday
Tuesday
Wednesday
Monday
Thursday
Thursday
Wednesday
Thursday
Friday
Saturday
Sunday
Thursday
Saturday
Saturday
Tuesday
Tuesday
Wednesday
Saturday
Tuesday
Sunday
Thursday
Tuesday
Tuesday
Friday
Saturday
Wednesday
Thursday
Sunday
Monday
Friday
Saturday
Tuesday
Saturday
Wednesday
Monday
Saturday
Sunday
Thursday
Wednesday
Tuesday
Sunday
Monday
Thursday
Friday
Wednesday
Thursday
Tuesday
Sunday
Thursday
Monday
Friday
Tuesday
Friday
Thursday
Friday
Monday
Sunday
Sunday
Saturday
Monday
Wednesday
Sunday
Wednesday
Monday
Friday
Thursday
Tuesday
Tuesday
Friday
Sunday
Friday
Friday
Sunday
Friday
Wednesday
Monday
Saturday
Monday
Monday
Sunday
Tuesday
Tuesday
Sunday
Sunday
Thursday
Monday
Thursday
Monday
Saturday
Monday
Thursday
Monday
Monday
Friday
Wednesday
Saturday
Tuesday
Friday
Monday
Monday
Tuesday
Friday
Thursday
Tuesday
Monday
Wednesday
Saturday
Monday
Monday
Monday
Friday
Tuesday
Tuesday
Wednesday
Tuesday
Friday
Saturday
Saturday
Friday
Monday
Thursday
Friday
Thursday
Sunday
Thursday
Wednesday
Wednesday
Friday
Wednesday
Saturday
Friday
Thursday
Saturday
Friday
Friday
Sunday
Thursday
Friday
Friday
Wednesday
Saturday
Wednesday
Friday
Thursday
Friday
Tuesday
Sunday
Saturday
Saturday
Monday
Tuesday
Saturday
Friday
Saturday
Thursday
Tuesday
Tuesday
Monday
Thursday
Monday
Thursday
Tuesday
Wednesday
Wednesday
Tuesday
Wednesday
Saturday
Wednesday
Wednesday
Wednesday
Saturday
Thursday
Monday
Wednesday
Saturday
Sunday
Tuesday
Saturday
Monday
Monday
Monday
Sunday
Wednesday
Saturday
Thursday
Thursday
Sunday
Sunday
Thursday
Monday
Sunday
Wednesday
Saturday
Wednesday
Sunday
Saturday
Saturday
Monday
Saturday
Thursday
Tuesday
Sunday
Tuesday
Wednesday
Friday
Friday
Thursday
Saturday
Sunday
Monday
Saturday
Thursday
Friday
Friday
Wednesday
Sunday
Monday
Thursday
Wednesday
Tuesday
Thursday
Saturday
Tuesday
Sunday
Wednesday
Monday
Wednesday
Thursday
Saturday
Saturday
Sunday
Wednesday
Saturday
Sunday
Sunday
Sunday
Friday
Thursday
Thursday
Saturday
Wednesday
Tuesday
Thursday
Thursday
Sunday
Monday
Saturday
Thursday
Sunday
Monday
Tuesday
Friday
Monday
Friday
Tuesday
Thursday
Saturday
Saturday
Thursday
Thursday
Monday
Friday
Friday
Thursday
Monday
Saturday
Tuesday
Monday
Thursday
Thursday
Tuesday
Friday
Monday
Tuesday
Saturday
Thursday
Saturday
Sunday
Saturday
Monday
Wednesday
Wednesday
Wednesday
Saturday
Monday
Monday
Friday
Tuesday
Tuesday
Wednesday
Saturday
Saturday
Thursday
Sunday
Friday
Saturday
Thursday
Thursday
Thursday
Saturday
Saturday
Thursday
Monday
Saturday
Friday
Monday
Wednesday
Monday
Monday
Saturday
Sunday
Sunday
Tuesday
Friday
Wednesday
Tuesday
Tuesday
Monday
Saturday
Sunday
Thursday
Monday
Friday
Monday
Thursday
Friday
Tuesday
Monday
Saturday
Wednesday
Wednesday
Tuesday
Saturday
Saturday
Sunday
Saturday
Sunday
Tuesday
Wednesday
Tuesday
Monday
Wednesday
Friday
Friday
Wednesday
Saturday
Thursday
Wednesday
Sunday
Tuesday
Monday
Thursday
Sunday
Tuesday
Sunday
Saturday
Friday
Saturday
Monday
Sunday
Wednesday
Wednesday
Tuesday
Saturday
Friday
Monday
Wednesday
Wednesday
Wednesday
Thursday
Wednesday
Saturday
Saturday
Friday
Monday
Monday
Wednesday
Monday
Monday
Friday
Friday
Thursday
Monday
Sunday
Monday
Sunday
Sunday
Thursday
Wednesday
Thursday
Friday
Tuesday
Monday
Monday
Saturday
Sunday
Saturday
Friday
Monday
Saturday
Monday
Sunday
Monday
Monday
Wednesday
Saturday
Tuesday
Saturday
Sunday
Tuesday
Sunday
Friday
Thursday
Thursday
Friday
Monday
Monday
Saturday
Sunday
Wednesday
Tuesday
Wednesday
Monday
Saturday
Friday
Thursday
Saturday
Friday
Friday
Friday
Monday
Thursday
Monday
Friday
Monday
Monday
Wednesday
Tuesday
Friday
Friday
Friday
Tuesday
Monday
Tuesday
Thursday
Thursday
Friday
Monday
Friday
Thursday
Tuesday
Saturday
Thursday
Tuesday
Tuesday
Monday
Wednesday
Monday
Thursday
Sunday
Monday
Monday
Saturday
Tuesday
Tuesday
Monday
Saturday
Thursday
Saturday
Wednesday
Friday
Wednesday
Wednesday
Wednesday
Tuesday
Wednesday
Sunday
Wednesday
Tuesday
Friday
Tuesday
Wednesday
Saturday
Saturday
Sunday
Monday
Sunday
Wednesday
Monday
Saturday
Saturday
Friday
Friday
Monday
Tuesday
Thursday
Saturday
Thursday
Thursday
Sunday
Wednesday
Tuesday
Thursday
Monday
Tuesday
Saturday
Friday
Monday
Monday
Friday
Monday
Saturday
Tuesday
Sunday
Friday
Thursday
Friday
Thursday
Thursday
Monday
Thursday
Monday
Saturday
Wednesday
Thursday
Tuesday
Friday
Sunday
Sunday
Wednesday
Thursday
Sunday
Thursday
Wednesday
Thursday
Friday
Saturday
Thursday
Saturday
Wednesday
Wednesday
Monday
Saturday
Sunday
Saturday
Wednesday
Saturday
Thursday
Thursday
Saturday
Sunday
Friday
Friday
Wednesday
Sunday
Monday
Monday
Sunday
Thursday
Thursday
Friday
Saturday
Wednesday
Friday
Wednesday
Saturday
Saturday
Friday
Monday
Tuesday
Thursday
Saturday
Saturday
Friday
Friday
Monday
Monday
Wednesday
Monday
Tuesday
Thursday
Friday
Monday
Thursday
Monday
Thursday
Sunday
Sunday
Saturday
Thursday
Saturday
Wednesday
Tuesday
Wednesday
Saturday
Saturday
Friday
Wednesday
Monday
Sunday
Sunday
Saturday
Thursday
Tuesday
Monday
Thursday
Friday
Thursday
Thursday
Monday
Sunday
Saturday
Monday
Wednesday
Wednesday
Saturday
Monday
Wednesday
Tuesday
Sunday
Monday
Tuesday
Tuesday
Wednesday
Thursday
Friday
Thursday
Thursday
Friday
Sunday
Tuesday
Wednesday
Sunday
Thursday
Wednesday
Sunday
Wednesday
Friday
Friday
Sunday
Sunday
Wednesday
Monday
Thursday
Wednesday
Thursday
Friday
Saturday
Wednesday
Thursday
Wednesday
Thursday
Friday
Monday
Monday
Thursday
Thursday
Tuesday
Monday
Tuesday
Saturday
Friday
Friday
Tuesday
Friday
Saturday
Wednesday
Friday
Tuesday
Thursday
Friday
Saturday
Wednesday
Wednesday
Wednesday
Tuesday
Tuesday
Thursday
Sunday
Sunday
Wednesday
Friday
Wednesday
Sunday
Thursday
Tuesday
Thursday
Saturday
Wednesday
Friday
Monday
Tuesday
Friday
Friday
Friday
Tuesday
Thursday
Friday
Friday
Tuesday
Thursday
Friday
Sunday
Tuesday
Monday
Tuesday
Wednesday
Wednesday
Thursday
Wednesday
Monday
Thursday
Friday
Saturday
Saturday
Thursday
Wednesday
Thursday
Tuesday
Friday
Wednesday
Thursday
Tuesday
Wednesday
Tuesday
Tuesday
Thursday
Thursday
Sunday
Saturday
Sunday
Thursday
Thursday
Thursday
Monday
Saturday
Sunday
Monday
Saturday
Tuesday
Friday
Saturday
Friday
Friday
Thursday
Friday
Friday
Friday
Saturday
Monday
Saturday
Sunday
Sunday
Saturday
Sunday
Tuesday
Sunday
Monday
Friday
Friday
Thursday
Friday
Saturday
Wednesday
Monday
Sunday
Monday
Thursday
Monday
Saturday
Wednesday
Friday
Wednesday
Monday
Monday
Saturday
Wednesday
Saturday
Friday
Thursday
Tuesday
Tuesday
Monday
Sunday
Monday
Tuesday
Wednesday
Saturday
Sunday
Tuesday
Thursday
Saturday
Friday
Thursday
Friday
Tuesday
Sunday
Tuesday
Friday
Thursday
Tuesday
Friday
Monday
Saturday
Wednesday
Saturday
Tuesday
Wednesday
Monday
Tuesday
Tuesday
Thursday
Sunday
Sunday
Friday
Saturday
Friday
Monday
Monday
Sunday
Sunday
Saturday
Thursday
Sunday
Monday
Thursday
Thursday
Thursday
Sunday
Wednesday
Monday
Thursday
Tuesday
Wednesday
Friday
Tuesday
Friday
Wednesday
Wednesday
Wednesday
Tuesday
Tuesday
Tuesday
Saturday
Tuesday
Friday
Tuesday
Tuesday
Thursday
Thursday
Wednesday
Friday
Monday
Sunday
Sunday
Friday
Tuesday
Monday
Monday
Saturday
Wednesday
Friday
Thursday
Tuesday
Wednesday
Tuesday
Tuesday
Thursday
Friday
Tuesday
Tuesday
Sunday
Friday
Sunday
Sunday
Saturday
Monday
Friday
Tuesday
Sunday
Sunday
Saturday
Tuesday
Wednesday
Monday
Tuesday
Thursday
Sunday
Saturday
Saturday
Monday
Tuesday
Sunday
Saturday
Wednesday
Saturday
Saturday
Wednesday
Sunday
Saturday
Wednesday
Wednesday
Saturday
Saturday
Friday
Tuesday
Thursday
Monday
Saturday
Saturday
Tuesday
Monday
Monday
Wednesday
Sunday
Friday
Monday
Friday
Thursday
Friday
Friday
Monday
Saturday
Saturday
Tuesday
Friday
Friday
Friday
Thursday
Sunday
Thursday
Sunday
Sunday
Friday
Friday
Tuesday
Wednesday
Monday
Thursday
Thursday
Thursday
Saturday
Saturday
Saturday
Sunday
Monday
Tuesday
Saturday
Tuesday
Tuesday
Wednesday
Thursday
Friday
Tuesday
Friday
Monday
Monday
Friday
Saturday
Friday
Saturday
Tuesday
Sunday
Friday
Monday
Monday
Thursday
Friday
Sunday
Thursday
Monday
Wednesday
Sunday
Sunday
Monday
Thursday
Saturday
Monday
Friday
Wednesday
Monday
Wednesday
Wednesday
Wednesday
Wednesday
Tuesday
Saturday
Sunday
Saturday
Friday
Sunday
Friday
Wednesday
Thursday
Sunday
Wednesday
Saturday
Thursday
Saturday
Thursday
Sunday
Thursday
Friday
Wednesday
Thursday
Saturday
Sunday
Friday
Friday
Monday
Saturday
Tuesday
Friday
Monday
Thursday
Friday
Thursday
Monday
Monday
Tuesday
Tuesday
Thursday
Monday
Friday
Monday
Saturday
Friday
Tuesday
Friday
Sunday
Tuesday
Monday
Wednesday
Tuesday
Wednesday
Sunday
Thursday
Friday
Wednesday
Wednesday
Wednesday
Wednesday
Friday
Friday
Saturday
Sunday
Tuesday
Thursday
Sunday
Thursday
Monday
Wednesday
Friday
Wednesday
Wednesday
Tuesday
Thursday
Monday
Monday
Saturday
Thursday
Tuesday
Sunday
Wednesday
Sunday
Wednesday
Wednesday
Sunday
Tuesday
Sunday
Saturday
Monday
Tuesday
Friday
Saturday
Tuesday
Thursday
Sunday
Friday
Tuesday
Sunday
Thursday
Sunday
Saturday
Sunday
Sunday
Monday
Tuesday
Tuesday
Saturday
Friday
Thursday
Saturday
Tuesday
Tuesday
Monday
Saturday
Tuesday
Monday
Saturday
Sunday
Tuesday
Saturday
Wednesday
Saturday
Monday
Monday
Sunday
Saturday
Friday
Thursday
Saturday
Saturday
Thursday
Friday
Saturday
Monday
Saturday
Saturday
Tuesday
Wednesday
Thursday
Thursday
Tuesday
Saturday
Monday
Tuesday
Saturday
Friday
Saturday
Tuesday
Thursday
Tuesday
Monday
Sunday
Saturday
Wednesday
Saturday
Thursday
Saturday
Wednesday
Wednesday
Thursday
Thursday
Friday
Tuesday
Thursday
Thursday
Tuesday
Thursday
Monday
Sunday
Sunday
Monday
Sunday
Thursday
Sunday
Saturday
Tuesday
Tuesday
Tuesday
Sunday
Wednesday
Saturday
Tuesday
Sunday
Saturday
Saturday
Friday
Monday
Saturday
Friday
Monday
Saturday
Sunday
Sunday
Sunday
Sunday
Sunday
Monday
Friday
Tuesday
Thursday
Tuesday
Friday
Monday
Wednesday
Saturday
Saturday
Saturday
Wednesday
Tuesday
Thursday
Wednesday
Thursday
Wednesday
Wednesday
Thursday
Thursday
Thursday
Tuesday
Thursday
Sunday
Sunday
Friday
Sunday
Sunday
Saturday
Sunday
Thursday
Sunday
Monday
Monday
Sunday
Thursday
Wednesday
Saturday
Monday
Saturday
Friday
Tuesday
Friday
Monday
Tuesday
Monday
Sunday
Wednesday
Thursday
Thursday
Tuesday
Thursday
Thursday
Sunday
Saturday
Sunday
Sunday
Tuesday
Friday
Sunday
Thursday
Wednesday
Monday
Thursday
Saturday
Friday
Friday
Saturday
Sunday
Friday
Tuesday
Tuesday
Saturday
Saturday
Wednesday
Monday
Sunday
Friday
Friday
Sunday
Monday
Friday
Wednesday
Monday
Wednesday
Saturday
Friday
Tuesday
Tuesday
Thursday
Sunday
Friday
Thursday
Sunday
Monday
Tuesday
Tuesday
Thursday
Monday
Sunday
Thursday
Tuesday
Thursday
Monday
Monday
Saturday
Saturday
Wednesday
Monday
Monday
Thursday
Thursday
Thursday
Thursday
Tuesday
Monday
Saturday
Saturday
Friday
Wednesday
Friday
Tuesday
Tuesday
Tuesday
Sunday
Saturday
Monday
Saturday
Tuesday
Saturday
Wednesday
Wednesday
Wednesday
Friday
Monday
Thursday
Sunday
Wednesday
Sunday
Tuesday
Monday
Friday
Tuesday
Tuesday
Friday
Tuesday
Friday
Monday
Thursday
Thursday
Wednesday
Wednesday
Friday
Sunday
Thursday
Sunday
Sunday
Sunday
Tuesday
Wednesday
Saturday
Friday
Thursday
Friday
Thursday
Sunday
Monday
Sunday
Thursday
Friday
Friday
Saturday
Sunday
Friday
Tuesday
Tuesday
Thursday
Monday
Friday
Friday
Monday
Saturday
Monday
Thursday
Saturday
Monday
Saturday
Thursday
Tuesday
Saturday
Friday
Sunday
Tuesday
Wednesday
Sunday
Saturday
Tuesday
Thursday
Sunday
Wednesday
Wednesday
Saturday
Tuesday
Thursday
Friday
Saturday
Saturday
Wednesday
Thursday
Wednesday
Thursday
Friday
Friday
Sunday
Friday
Friday
Thursday
Thursday
Thursday
Friday
Wednesday
Sunday
Thursday
Saturday
Sunday
Sunday
Thursday
Monday
Monday
Tuesday
Sunday
Saturday
Monday
Monday
Tuesday
Sunday
Monday
Wednesday
Tuesday
Tuesday
Friday
Friday
Monday
Tuesday
Friday
Sunday
Monday
Sunday
Thursday
Monday
Tuesday
Sunday
Tuesday
Thursday
Monday
Tuesday
Thursday
Sunday
Sunday
Tuesday
Sunday
Sunday
Friday
Friday
Wednesday
Wednesday
Monday
Saturday
Wednesday
Sunday
Tuesday
Thursday
Saturday
Saturday
Saturday
Thursday
Monday
Sunday
Friday
Saturday
Friday
Saturday
Monday
Wednesday
Monday
Thursday
Tuesday
Wednesday
Thursday
Friday
Sunday
Thursday
Tuesday
Sunday
Thursday
Wednesday
Friday
Monday
Friday
Friday
Friday
Wednesday
Thursday
Monday
Saturday
Friday
Friday
Tuesday
Friday
Saturday
Friday
Saturday
Wednesday
Tuesday
Tuesday
Friday
Sunday
Sunday
Sunday
Friday
Saturday
Friday
Tuesday
Thursday
Friday
Wednesday
Monday
Friday
Tuesday
Thursday
Thursday
Sunday
Friday
Wednesday
Friday
Friday
Tuesday
Tuesday
Tuesday
Monday
Friday
Friday
Friday
Friday
Wednesday
Tuesday
Tuesday
Saturday
Thursday
Friday
Sunday
Sunday
Saturday
Sunday
Tuesday
Saturday
Tuesday
Monday
Monday
Sunday
Wednesday
Wednesday
Friday
Tuesday
Thursday
Monday
Sunday
Tuesday
Thursday
Friday
Sunday
Monday
Monday
Tuesday
Tuesday
Tuesday
Sunday
Sunday
Friday
Wednesday
Friday
Wednesday
Friday
Wednesday
Tuesday
Monday
Tuesday
Tuesday
Monday
Friday
Sunday
Wednesday
Wednesday
Sunday
Saturday
Monday
Wednesday
Tuesday
Thursday
Tuesday
Thursday
Sunday
Monday
Tuesday
Monday
Friday
Thursday
Sunday
Saturday
Thursday
Sunday
Monday
Monday
Sunday
Friday
Sunday
Monday
Tuesday
Wednesday
Saturday
Tuesday
Monday
Wednesday
Friday
Thursday
Tuesday
Friday
Wednesday
Saturday
Wednesday
Tuesday
Thursday
Wednesday
Tuesday
Thursday
Friday
Friday
Sunday
Saturday
Tuesday
Friday
Sunday
Wednesday
Tuesday
Tuesday
Tuesday
Monday
Tuesday
Thursday
Saturday
Friday
Monday
Tuesday
Friday
Tuesday
Tuesday
Saturday
Sunday
Tuesday
Wednesday
Monday
Saturday
Friday
Tuesday
Tuesday
Thursday
Saturday
Tuesday
Sunday
Wednesday
Saturday
Saturday
Wednesday
Thursday
Wednesday
Sunday
Monday
Monday
Monday
Thursday
Wednesday
Thursday
Friday
Saturday
Monday
Thursday
Thursday
Tuesday
Wednesday
Friday
Saturday
Thursday
Wednesday
Saturday
Friday
Friday
Monday
Wednesday
Tuesday
Thursday
Friday
Sunday
Sunday
Monday
Saturday
Tuesday
Friday
Tuesday
Saturday
Sunday
Saturday
Saturday
Thursday
Tuesday
Tuesday
Thursday
Tuesday
Saturday
Tuesday
Wednesday
Thursday
Monday
Sunday
Friday
Saturday
Tuesday
Thursday
Wednesday
Wednesday
Thursday
Friday
Friday
Thursday
Sunday
Wednesday
Sunday
Friday
Tuesday
Thursday
Saturday
Saturday
Monday
Tuesday
Tuesday
Saturday
Sunday
Saturday
Friday
Friday
Thursday
Thursday
Friday
Saturday
Wednesday
Sunday
Saturday
Tuesday
Saturday
Tuesday
Saturday
Tuesday
Wednesday
Friday
Tuesday
Wednesday
Saturday
Thursday
Friday
Monday
Wednesday
Tuesday
Wednesday
Friday
Monday
Friday
Monday
Monday
Thursday
Saturday
Sunday
Saturday
Wednesday
Wednesday
Saturday
Thursday
Tuesday
Sunday
Wednesday
Sunday
Monday
Thursday
Saturday
Wednesday
Wednesday
Monday
Saturday
Tuesday
Friday
Wednesday
Thursday
Wednesday
Friday
Monday
Saturday
Friday
Thursday
Wednesday
Friday
Thursday
Tuesday
Friday
Tuesday
Monday
Wednesday
Sunday
Monday
Thursday
Wednesday
Monday
Tuesday
Sunday
Monday
Friday
Monday
Sunday
Saturday
Tuesday
Friday
Sunday
Friday
Friday
Saturday
Friday
Monday
Sunday
Thursday
Monday
Monday
Tuesday
Tuesday
Tuesday
Wednesday
Sunday
Sunday
Saturday
Sunday
Sunday
Saturday
Sunday
Friday
Thursday
Saturday
Sunday
Saturday
Thursday
Tuesday
Thursday
Saturday
Wednesday
Sunday
Friday
Wednesday
Sunday
Monday
Wednesday
Wednesday
Saturday
Thursday
Monday
Tuesday
Friday
Monday
Monday
Monday
Monday
Friday
Thursday
Wednesday
Sunday
Saturday
Wednesday
Sunday
Friday
Saturday
Saturday
Friday
Saturday
Wednesday
Friday
Thursday
Friday
Wednesday
Friday
Friday
Tuesday
Tuesday
Friday
Tuesday
Monday
Sunday
Sunday
Wednesday
Sunday
Monday
Saturday
Sunday
Tuesday
Tuesday
Thursday
Tuesday
Saturday
Sunday
Tuesday
Thursday
Tuesday
Wednesday
Thursday
Sunday
Sunday
Wednesday
Saturday
Tuesday
Thursday
Sunday
Tuesday
Saturday
Monday
Sunday
Sunday
Tuesday
Sunday
Sunday
Tuesday
Thursday
Friday
Thursday
Monday
Sunday
Wednesday
Friday
Monday
Friday
Thursday
Friday
Sunday
Saturday
Saturday
Wednesday
Monday
Tuesday
Tuesday
Tuesday
Monday
Saturday
Wednesday
Monday
Wednesday
Friday
Saturday
Monday
Wednesday
Saturday
Friday
Friday
Sunday
Wednesday
Friday
Friday
Thursday
Sunday
Friday
Saturday
Thursday
Sunday
Saturday
Saturday
Friday
Saturday
Saturday
Monday
Friday
Friday
Wednesday
Saturday
Friday
Monday
Thursday
Saturday
Monday
Wednesday
Monday
Friday
Friday
Wednesday
Thursday
Friday
Monday
Monday
Monday
Monday
Tuesday
Tuesday
Thursday
Saturday
Friday
Monday
Monday
Wednesday
Thursday
Wednesday
Wednesday
Friday
Saturday
Monday
Saturday
Friday
Saturday
Monday
Monday
Sunday
Friday
Thursday
Sunday
Thursday
Wednesday
Monday
Friday
Saturday
Sunday
Thursday
Wednesday
Monday
Saturday
Friday
Wednesday
Thursday
Sunday
Saturday
Saturday
Tuesday
Monday
Saturday
Wednesday
Tuesday
Wednesday
Wednesday
Thursday
Thursday
Wednesday
Sunday
Friday
Monday
Friday
Tuesday
Saturday
Wednesday
Monday
Monday
Wednesday
Thursday
Tuesday
Friday
Friday
Thursday
Thursday
Tuesday
Thursday
Wednesday
Sunday
Saturday
Wednesday
Tuesday
Monday
Tuesday
Monday
Wednesday
Saturday
Saturday
Friday
Monday
Sunday
Friday
Saturday
Saturday
Wednesday
Tuesday
Friday
Thursday
Saturday
Thursday
Tuesday
Sunday
Saturday
Sunday
Monday
Wednesday
Thursday
Saturday
Wednesday
Sunday
Monday
Thursday
Monday
Friday
Saturday
Thursday
Sunday
Monday
Thursday
Wednesday
Friday
Thursday
Monday
Monday
Saturday
Thursday
Sunday
Wednesday
Thursday
Friday
Friday
Tuesday
Saturday
Thursday
Saturday
Thursday
Monday
Friday
Friday
Thursday
Sunday
Monday
Friday
Tuesday
Wednesday
Friday
Monday
Tuesday
Monday
Wednesday
Saturday
Monday
Sunday
Saturday
Tuesday
Monday
Sunday
Saturday
Sunday
Sunday
Wednesday
Wednesday
Monday
Tuesday
Tuesday
Wednesday
Tuesday
Wednesday
Tuesday
Thursday
Sunday
Tuesday
Wednesday
Saturday
Sunday
Thursday
Sunday
Thursday
Friday
Wednesday
Friday
Friday
Monday
Sunday
Friday
Sunday
Monday
Saturday
Sunday
Sunday
Thursday
Saturday
Thursday
Tuesday
Tuesday
Monday
Monday
Sunday
Thursday
Monday
Friday
Sunday
Tuesday
Wednesday
Sunday
Saturday
Saturday
Sunday
Thursday
Wednesday
Sunday
Thursday
Wednesday
Thursday
Friday
Saturday
Tuesday
Friday
Tuesday
Wednesday
Thursday
Wednesday
Wednesday
Tuesday
Friday
Monday
Thursday
Wednesday
Tuesday
Monday
Tuesday
Saturday
Friday
Tuesday
Thursday
Saturday
Monday
Saturday
Wednesday
Thursday
Saturday
Friday
Friday
Tuesday
Saturday
Thursday
Saturday
Saturday
Saturday
Thursday
Saturday
Sunday
Wednesday
Wednesday
Wednesday
Sunday
Friday
Wednesday
Monday
Wednesday
Monday
Friday
Saturday
Monday
Friday
Thursday
Thursday
Saturday
Tuesday
Monday
Monday
Wednesday
Thursday
Sunday
Wednesday
Tuesday
Friday
Friday
Wednesday
Saturday
Wednesday
Friday
Tuesday
Saturday
Wednesday
Wednesday
Friday
Saturday
Thursday
Friday
Saturday
Friday
Thursday
Thursday
Tuesday
Monday
Sunday
Wednesday
Thursday
Saturday
Friday
Friday
Monday
Thursday
Friday
Friday
Friday
Friday
Monday
Monday
Tuesday
Thursday
Tuesday
Sunday
Thursday
Monday
Thursday
Thursday
Monday
Sunday
Sunday
Wednesday
Saturday
Tuesday
Sunday
Wednesday
Wednesday
Friday
Tuesday
Tuesday
Tuesday
Wednesday
Thursday
Wednesday
Monday
Sunday
Monday
Wednesday
Wednesday
Tuesday
Monday
Tuesday
Monday
Wednesday
Thursday
Friday
Saturday
Saturday
Monday
Monday
Wednesday
Tuesday
Tuesday
Friday
Wednesday
Friday
Sunday
Tuesday
Thursday
Thursday
Monday
Monday
Wednesday
Thursday
Sunday
Friday
Wednesday
Thursday
Monday
Monday
Wednesday
Friday
Wednesday
Friday
Sunday
Tuesday
Friday
Sunday
Sunday
Wednesday
Sunday
Monday
Sunday
Monday
Tuesday
Tuesday
Thursday
Saturday
Saturday
Friday
Saturday
Saturday
Thursday
Friday
Thursday
Friday
Wednesday
Thursday
Wednesday
Saturday
Sunday
Tuesday
Sunday
Monday
Tuesday
Wednesday
Tuesday
Saturday
Tuesday
Sunday
Monday
Friday
Tuesday
Saturday
Thursday
Friday
Thursday
Wednesday
Thursday
Sunday
Thursday
Monday
Saturday
Tuesday
Thursday
Friday
Friday
Monday
Tuesday
Tuesday
Thursday
Wednesday
Sunday
Sunday
Tuesday
Monday
Wednesday
Tuesday
Monday
Thursday
Wednesday
Wednesday
Thursday
Friday
Thursday
Wednesday
Tuesday
Friday
Thursday
Sunday
Saturday
Tuesday
Wednesday
Wednesday
Friday
Thursday
Tuesday
Monday
Tuesday
Tuesday
Sunday
Saturday
Tuesday
Friday
Sunday
Wednesday
Tuesday
Wednesday
Sunday
Thursday
Tuesday
Monday
Monday
Tuesday
Friday
Wednesday
Saturday
Monday
Saturday
Monday
Saturday
Sunday
Wednesday
Thursday
Friday
Sunday
Tuesday
Wednesday
Tuesday
Friday
Saturday
Monday
Monday
Sunday
Wednesday
Friday
Monday
Saturday
Thursday
Monday
Sunday
Saturday
Friday
Tuesday
Friday
Saturday
Wednesday
Sunday
Tuesday
Saturday
Saturday
Wednesday
Saturday
Thursday
Wednesday
Friday
Thursday
Sunday
Thursday
Tuesday
Saturday
Friday
Thursday
Friday
Friday
Monday
Friday
Wednesday
Monday
Thursday
Thursday
Sunday
Friday
Wednesday
Wednesday
Monday
Monday
Sunday
Thursday
Sunday
Saturday
Wednesday
Tuesday
Monday
Tuesday
Monday
Tuesday
Sunday
Thursday
Tuesday
Sunday
Monday
Thursday
Sunday
Tuesday
Monday
Friday
Thursday
Wednesday
Monday
Wednesday
Friday
Wednesday
Sunday
Monday
Saturday
Sunday
Tuesday
Friday
Thursday
Saturday
Monday
Saturday
Saturday
Saturday
Thursday
Monday
Saturday
Saturday
Wednesday
Monday
Wednesday
Thursday
Thursday
Tuesday
Wednesday
Sunday
Monday
Thursday
Sunday
Tuesday
Tuesday
Wednesday
Saturday
Thursday
Monday
Friday
Thursday
Saturday
Friday
Thursday
Thursday
Sunday
Wednesday
Thursday
Friday
Friday
Tuesday
Friday
Tuesday
Thursday
Sunday
Tuesday
Saturday
Saturday
Wednesday
Wednesday
Thursday
Wednesday
Thursday
Sunday
Friday
Thursday
Monday
Thursday
Sunday
Wednesday
Tuesday
Wednesday
Tuesday
Wednesday
Sunday
Wednesday
Friday
Tuesday
Wednesday
Saturday
Tuesday
Wednesday
Wednesday
Friday
Friday
Monday
Saturday
Saturday
Wednesday
Saturday
Sunday
Friday
Wednesday
Tuesday
Tuesday
Thursday
Monday
Thursday
Sunday
Sunday
Friday
Tuesday
Thursday
Friday
Sunday
Friday
Wednesday
Sunday
Tuesday
Friday
Saturday
Friday
Saturday
Saturday
Sunday
Wednesday
Monday
Saturday
Tuesday
Tuesday
Saturday
Friday
Saturday
Saturday
Wednesday
Friday
Saturday
Monday
Thursday
Sunday
Monday
Saturday
Thursday
Saturday
Saturday
Thursday
Tuesday
Friday
Wednesday
Saturday
Wednesday
Wednesday
Monday
Sunday
Thursday
Wednesday
Saturday
Friday
Sunday
Monday
Saturday
Monday
Monday
Tuesday
Wednesday
Friday
Monday
Saturday
Saturday
Wednesday
Sunday
Friday
Saturday
Tuesday
Friday
Saturday
Monday
Monday
Friday
Tuesday
Wednesday
Saturday
Wednesday
Wednesday
Tuesday
Wednesday
Saturday
Tuesday
Tuesday
Sunday
Saturday
Saturday
Monday
Monday
Saturday
Saturday
Tuesday
Saturday
Sunday
Sunday
Tuesday
Thursday
Wednesday
Thursday
Tuesday
Tuesday
Friday
Tuesday
Monday
Sunday
Tuesday
Thursday
Thursday
Sunday
Thursday
Friday
Friday
Tuesday
Tuesday
Monday
Thursday
Monday
Wednesday
Saturday
Thursday
Saturday
Monday
Tuesday
Wednesday
Tuesday
Tuesday
Wednesday
Sunday
Saturday
Saturday
Saturday
Saturday
Saturday
Tuesday
Monday
Wednesday
Sunday
Tuesday
Tuesday
Tuesday
Friday
Tuesday
Saturday
Thursday
Wednesday
Sunday
Saturday
Wednesday
Wednesday
Friday
Monday
Saturday
Friday
Saturday
Saturday
Wednesday
Sunday
Friday
Thursday
Tuesday
Sunday
Monday
Saturday
Thursday
Monday
Sunday
Friday
Saturday
Sunday
Sunday
Thursday
Monday
Thursday
Sunday
Monday
Saturday
Saturday
Wednesday
Friday
Sunday
Sunday
Monday
Tuesday
Sunday
Sunday
Tuesday
Monday
Sunday
Tuesday
Friday
Thursday
Saturday
Thursday
Monday
Sunday
Monday
Wednesday
Thursday
Wednesday
Thursday
Tuesday
Tuesday
Friday
Friday
Thursday
Monday
Monday
Monday
Saturday
Saturday
Sunday
Tuesday
Saturday
Wednesday
Tuesday
Monday
Sunday
Thursday
Tuesday
Saturday
Saturday
Friday
Sunday
Sunday
Sunday
Thursday
Friday
Tuesday
Saturday
Wednesday
Thursday
Sunday
Sunday
Saturday
Saturday
Friday
Tuesday
Saturday
Friday
Sunday
Tuesday
Thursday
Tuesday
Monday
Friday
Sunday
Saturday
Tuesday
Friday
Friday
Monday
Thursday
Saturday
Sunday
Sunday
Thursday
Monday
Wednesday
Thursday
Tuesday
Wednesday
Wednesday
Wednesday
Thursday
Friday
Tuesday
Monday
Wednesday
Sunday
Sunday
Saturday
Saturday
Friday
Tuesday
Wednesday
Sunday
Saturday
Monday
Wednesday
Saturday
Monday
Wednesday
Monday
Thursday
Thursday
Friday
Saturday
Saturday
Monday
Friday
Tuesday
Monday
Friday
Monday
Tuesday
Thursday
Saturday
Monday
Thursday
Thursday
Wednesday
Friday
Saturday
Wednesday
Friday
Wednesday
Thursday
Tuesday
Monday
Thursday
Friday
Tuesday
Monday
Thursday
Monday
Thursday
Saturday
Sunday
Sunday
Monday
Friday
Wednesday
Monday
Sunday
Tuesday
Friday
Friday
Thursday
Monday
Wednesday
Monday
Thursday
Saturday
Wednesday
Wednesday
Sunday
Sunday
Tuesday
Sunday
Tuesday
Saturday
Thursday
Tuesday
Monday
Friday
Saturday
Wednesday
Friday
Monday
Thursday
Tuesday
Sunday
Thursday
Sunday
Tuesday
Monday
Sunday
Monday
Tuesday
Tuesday
Tuesday
Saturday
Saturday
Thursday
Thursday
Friday
Tuesday
Monday
Tuesday
Saturday
Wednesday
Wednesday
Wednesday
Friday
Tuesday
Thursday
Thursday
Sunday
Sunday
Tuesday
Monday
Wednesday
Saturday
Sunday
Sunday
Wednesday
Saturday
Thursday
Wednesday
Saturday
Tuesday
Tuesday
Tuesday
Friday
Monday
Tuesday
Thursday
Friday
Sunday
Tuesday
Wednesday
Tuesday
Friday
Friday
Sunday
Wednesday
Saturday
Wednesday
Wednesday
Tuesday
Thursday
Sunday
Wednesday
Thursday
Thursday
Sunday
Tuesday
Sunday
Saturday
Monday
Saturday
Thursday
Saturday
Sunday
Monday
Saturday
Wednesday
Monday
Saturday
Monday
Friday
Saturday
Tuesday
Monday
Saturday
Monday
Wednesday
Thursday
Friday
Saturday
Friday
Monday
Sunday
Monday
Monday
Saturday
Sunday
Friday
Sunday
Saturday
Thursday
Thursday
Thursday
Wednesday
Wednesday
Friday
Sunday
Friday
Wednesday
Thursday
Tuesday
Tuesday
Sunday
Wednesday
Monday
Sunday
Thursday
Wednesday
Tuesday
Friday
Monday
Thursday
Tuesday
Thursday
Saturday
Monday
Tuesday
Thursday
Friday
Saturday
Saturday
Monday
Thursday
Friday
Thursday
Sunday
Tuesday
Wednesday
Wednesday
Wednesday
Saturday
Monday
Wednesday
Friday
Wednesday
Tuesday
Sunday
Saturday
Monday
Tuesday
Wednesday
Saturday
Saturday
Sunday
Sunday
Monday
Monday
Wednesday
Sunday
Wednesday
Thursday
Thursday
Thursday
Tuesday
Tuesday
Wednesday
Friday
Friday
Sunday
Friday
Monday
Sunday
Sunday
Thursday
Monday
Saturday
Monday
Friday
Saturday
Saturday
Wednesday
Sunday
Wednesday
Thursday
Monday
Wednesday
Monday
Tuesday
Thursday
Friday
Wednesday
Monday
Monday
Wednesday
Wednesday
Friday
Friday
Wednesday
Saturday
Saturday
Friday
Friday
Monday
Thursday
Thursday
Wednesday
Tuesday
Wednesday
Thursday
Thursday
Saturday
Monday
Friday
Sunday
Monday
Wednesday
Thursday
Friday
Saturday
Monday
Sunday
Friday
Sunday
Tuesday
Tuesday
Saturday
Wednesday
Wednesday
Friday
Tuesday
Tuesday
Saturday
Sunday
Sunday
Monday
Thursday
Tuesday
Thursday
Sunday
Tuesday
Saturday
Monday
Sunday
Sunday
Tuesday
Sunday
Monday
Tuesday
Thursday
Sunday
Wednesday
Sunday
Thursday
Saturday
Sunday
Sunday
Wednesday
Wednesday
Friday
Tuesday
Sunday
Friday
Thursday
Tuesday
Friday
Monday
Monday
Tuesday
Tuesday
Monday
Tuesday
Wednesday
Monday
Sunday
Saturday
Friday
Monday
Wednesday
Wednesday
Sunday
Thursday
Tuesday
Thursday
Friday
Tuesday
Monday
Saturday
Tuesday
Saturday
Saturday
Friday
Tuesday
Monday
Thursday
Friday
Saturday
Saturday
Tuesday
Friday
Friday
Monday
Wednesday
Tuesday
Wednesday
Monday
Wednesday
Thursday
Friday
Saturday
Thursday
Saturday
Tuesday
Sunday
Sunday
Thursday
Tuesday
Wednesday
Monday
Thursday
Friday
Wednesday
Saturday
Tuesday
Tuesday
Friday
Sunday
Wednesday
Saturday
Tuesday
Wednesday
Saturday
Tuesday
Thursday
Friday
Tuesday
Tuesday
Thursday
Tuesday
Wednesday
Thursday
Wednesday
Saturday
Thursday
Friday
Saturday
Wednesday
Monday
Friday
Wednesday
Saturday
Thursday
Saturday
Tuesday
Saturday
Saturday
Wednesday
Thursday
Thursday
Saturday
Sunday
Saturday
Sunday
Tuesday
Monday
Sunday
Tuesday
Thursday
Tuesday
Friday
Friday
Saturday
Tuesday
Sunday
Sunday
Tuesday
Wednesday
Sunday
Saturday
Monday
Sunday
Sunday
Saturday
Tuesday
Tuesday
Wednesday
Sunday
Wednesday
Sunday
Wednesday
Friday
Tuesday
Wednesday
Tuesday
Saturday
Saturday
Tuesday
Thursday
Thursday
Thursday
Tuesday
Saturday
Saturday
Monday
Friday
Monday
Sunday
Wednesday
Thursday
Monday
Thursday
Wednesday
Friday
Wednesday
Monday
Thursday
Tuesday
Friday
Thursday
Friday
Saturday
Friday
Wednesday
Tuesday
Tuesday
Friday
Monday
Saturday
Thursday
Monday
Sunday
Monday
Saturday
Friday
Friday
Monday
Wednesday
Wednesday
Sunday
Sunday
Thursday
Monday
Wednesday
Wednesday
Friday
Friday
Monday
Friday
Friday
Thursday
Wednesday
Thursday
Friday
Wednesday
Wednesday
Tuesday
Wednesday
Monday
Wednesday
Sunday
Wednesday
Monday
Thursday
Thursday
Wednesday
Tuesday
Monday
Friday
Wednesday
Wednesday
Tuesday
Wednesday
Wednesday
Saturday
Sunday
Tuesday
Monday
Saturday
Monday
Wednesday
Friday
Tuesday
Wednesday
Monday
Saturday
Monday
Saturday
Saturday
Wednesday
Saturday
Wednesday
Wednesday
Saturday
Monday
Monday
Sunday
Tuesday
Wednesday
Thursday
Saturday
Sunday
Tuesday
Thursday
Thursday
Friday
Monday
Wednesday
Sunday
Saturday
Tuesday
Saturday
Monday
Saturday
Saturday
Saturday
Saturday
Monday
Sunday
Saturday
Thursday
Tuesday
Monday
Friday
Sunday
Thursday
Sunday
Friday
Thursday
Friday
Thursday
Wednesday
Monday
Wednesday
Monday
Saturday
Thursday
Wednesday
Wednesday
Thursday
Saturday
Tuesday
Thursday
Wednesday
Tuesday
Sunday
Tuesday
Tuesday
Monday
Wednesday
Tuesday
Wednesday
Tuesday
Friday
Saturday
Saturday
Thursday
Thursday
Wednesday
Monday
Thursday
Monday
Friday
Saturday
Saturday
Saturday
Monday
Wednesday
Saturday
Monday
Thursday
Friday
Sunday
Monday
Wednesday
Saturday
Tuesday
Thursday
Friday
Thursday
Sunday
Tuesday
Saturday
Saturday
Sunday
Thursday
Tuesday
Friday
Monday
Wednesday
Friday
Monday
Tuesday
Tuesday
Tuesday
Tuesday
Thursday
Wednesday
Tuesday
Monday
Monday
Sunday
Tuesday
Tuesday
Tuesday
Thursday
Saturday
Tuesday
Tuesday
Friday
Friday
Sunday
Thursday
Thursday
Saturday
Thursday
Monday
Sunday
Tuesday
Friday
Friday
Monday
Thursday
Wednesday
Thursday
Thursday
Thursday
Friday
Monday
Sunday
Sunday
Friday
Monday
Saturday
Thursday
Sunday
Tuesday
Monday
Monday
Monday
Sunday
Saturday
Tuesday
Wednesday
Tuesday
Thursday
Saturday
Friday
Thursday
Saturday
Thursday
Sunday
Saturday
Wednesday
Wednesday
Thursday
Wednesday
Friday
Monday
Wednesday
Thursday
Sunday
Saturday
Tuesday
Friday
Saturday
Friday
Monday
Friday
Wednesday
Friday
Sunday
Thursday
Thursday
Thursday
Friday
Tuesday
Tuesday
Thursday
Wednesday
Saturday
Monday
Wednesday
Sunday
Thursday
Tuesday
Wednesday
Monday
Tuesday
Wednesday
Monday
Thursday
Wednesday
Tuesday
Monday
Friday
Saturday
Friday
Sunday
Saturday
Thursday
Sunday
Saturday
Saturday
Tuesday
Friday
Monday
Friday
Sunday
Thursday
Monday
Monday
Friday
Tuesday
Saturday
Wednesday
Tuesday
Thursday
Monday
Tuesday
Sunday
Saturday
Monday
Tuesday
Tuesday
Wednesday
Tuesday
Wednesday
Saturday
Monday
Monday
Monday
Tuesday
Tuesday
Tuesday
Monday
Wednesday
Saturday
Monday
Saturday
Wednesday
Sunday
Wednesday
Sunday
Saturday
Friday
Thursday
Wednesday
Tuesday
Tuesday
Friday
Sunday
Sunday
Tuesday
Sunday
Tuesday
Saturday
Wednesday
Saturday
Wednesday
Friday
Monday
Monday
Thursday
Wednesday
Wednesday
Tuesday
Friday
Tuesday
Thursday
Thursday
Wednesday
Wednesday
Sunday
Friday
Thursday
Thursday
Monday
Wednesday
Sunday
Sunday
Thursday
Monday
Thursday
Saturday
Monday
Tuesday
Friday
Wednesday
Saturday
Wednesday
Sunday
Friday
Wednesday
Monday
Wednesday
Tuesday
Wednesday
Saturday
Thursday
Saturday
Wednesday
Wednesday
Thursday
Tuesday
Thursday
Tuesday
Tuesday
Friday
Monday
Thursday
Thursday
Wednesday
Friday
Sunday
Wednesday
Thursday
Thursday
Thursday
Sunday
Tuesday
Sunday
Friday
Tuesday
Thursday
Saturday
Wednesday
Friday
Monday
Tuesday
Saturday
Thursday
Monday
Wednesday
Tuesday
Wednesday
Sunday
Tuesday
Sunday
Sunday
Sunday
Monday
Monday
Saturday
Friday
Tuesday
Saturday
Wednesday
Monday
Saturday
Thursday
Thursday
Wednesday
Thursday
Monday
Monday
Tuesday
Sunday
Tuesday
Saturday
Friday
Monday
Friday
Tuesday
Friday
Sunday
Tuesday
Saturday
Wednesday
Friday
Friday
Friday
Friday
Friday
Friday
Wednesday
Friday
Friday
Thursday
Thursday
Sunday
Wednesday
Tuesday
Tuesday
Tuesday
Sunday
Saturday
Sunday
Saturday
Wednesday
Saturday
Tuesday
Saturday
Thursday
Tuesday
Wednesday
Friday
Sunday
Monday
Monday
Sunday
Monday
Saturday
Tuesday
Saturday
Saturday
Thursday
Thursday
Sunday
Sunday
Friday
Sunday
Friday
Sunday
Sunday
Friday
Tuesday
Monday
Sunday
Monday
Saturday
Wednesday
Monday
Tuesday
Monday
Friday
Friday
Thursday
Saturday
Saturday
Wednesday
Thursday
Friday
Thursday
Saturday
Thursday
Wednesday
Monday
Sunday
Wednesday
Wednesday
Tuesday
Sunday
Friday
Sunday
Saturday
Monday
Wednesday
Thursday
Saturday
Wednesday
Thursday
Thursday
Wednesday
Saturday
Thursday
Saturday
Monday
Thursday
Thursday
Monday
Wednesday
Wednesday
Wednesday
Wednesday
Sunday
Sunday
Monday
Wednesday
Sunday
Tuesday
Wednesday
Saturday
Sunday
Friday
Monday
Wednesday
Wednesday
Tuesday
Wednesday
Saturday
Friday
Thursday
Friday
Sunday
Saturday
Saturday
Monday
Wednesday
Friday
Monday
Saturday
Saturday
Thursday
Friday
Friday
Thursday
Friday
Friday
Thursday
Saturday
Sunday
Thursday
Monday
Wednesday
Tuesday
Monday
Tuesday
Monday
Monday
Thursday
Sunday
Friday
Thursday
Tuesday
Saturday
Tuesday
Sunday
Tuesday
Saturday
Wednesday
Monday
Thursday
Monday
Friday
Monday
Friday
Sunday
Wednesday
Tuesday
Thursday
Thursday
Saturday
Friday
Saturday
Friday
Saturday
Sunday
Friday
Friday
Thursday
Tuesday
Monday
Thursday
Monday
Friday
Sunday
Saturday
Sunday
Sunday
Thursday
Thursday
Tuesday
Thursday
Friday
Tuesday
Thursday
Saturday
Wednesday
Friday
Thursday
Sunday
Saturday
Tuesday
Sunday
Thursday
Sunday
Friday
Saturday
Sunday
Monday
Sunday
Sunday
Friday
Sunday
Thursday
Sunday
Sunday
Sunday
Friday
Tuesday
Sunday
Thursday
Wednesday
Tuesday
Friday
Saturday
Saturday
Friday
Monday
Sunday
Monday
Saturday
Friday
Sunday
Saturday
Monday
Saturday
Monday
Friday
Friday
Wednesday
Wednesday
Friday
Wednesday
Saturday
Thursday
Saturday
Tuesday
Sunday
Tuesday
Thursday
Wednesday
Saturday
Friday
Thursday
Wednesday
Saturday
Thursday
Friday
Tuesday
Sunday
Thursday
Wednesday
Friday
Monday
Monday
Friday
Tuesday
Thursday
Tuesday
Monday
Thursday
Thursday
Thursday
Thursday
Tuesday
Saturday
Thursday
Monday
Friday
Friday
Sunday
Saturday
Friday
Monday
Tuesday
Monday
Monday
Wednesday
Thursday
Tuesday
Monday
Saturday
Saturday
Monday
Tuesday
Thursday
Saturday
Friday
Sunday
Thursday
Monday
Saturday
Sunday
Friday
Monday
Tuesday
Thursday
Monday
Thursday
Tuesday
Tuesday
Thursday
Thursday
Tuesday
Thursday
Sunday
Tuesday
Monday
Thursday
Monday
Friday
Friday
Wednesday
Friday
Thursday
Tuesday
Tuesday
Sunday
Wednesday
Tuesday
Monday
Thursday
Saturday
Monday
Sunday
Sunday
Sunday
Wednesday
Sunday
Saturday
Saturday
Monday
Tuesday
Tuesday
Thursday
Thursday
Thursday
Tuesday
Tuesday
Saturday
Monday
Monday
Sunday
Thursday
Sunday
Monday
Friday
Tuesday
Friday
Thursday
Sunday
Sunday
Wednesday
Friday
Monday
Thursday
Thursday
Monday
Friday
Saturday
Monday
Wednesday
Saturday
Monday
Saturday
Wednesday
Thursday
Thursday
Wednesday
Thursday
Sunday
Thursday
Thursday
Friday
Saturday
Wednesday
Tuesday
Thursday
Friday
Thursday
Monday
Wednesday
Saturday
Sunday
Tuesday
Sunday
Tuesday
Thursday
Saturday
Saturday
Saturday
Thursday
Monday
Tuesday
Wednesday
Tuesday
Friday
Friday
Wednesday
Monday
Wednesday
Sunday
Monday
Thursday
Monday
Thursday
Friday
Sunday
Friday
Monday
Tuesday
Saturday
Thursday
Saturday
Saturday
Tuesday
Sunday
Wednesday
Wednesday
Tuesday
Saturday
Friday
Wednesday
Saturday
Friday
Tuesday
Monday
Monday
Monday
Friday
Sunday
Tuesday
Friday
Wednesday
Thursday
Monday
Thursday
Saturday
Saturday
Wednesday
Thursday
Thursday
Monday
Friday
Saturday
Wednesday
Sunday
Thursday
Friday
Wednesday
Thursday
Saturday
Tuesday
Saturday
Thursday
Friday
Friday
Wednesday
Tuesday
Sunday
Friday
Friday
Tuesday
Wednesday
Wednesday
Tuesday
Friday
Saturday
Sunday
Thursday
Monday
Tuesday
Sunday
Thursday
Sunday
Thursday
Friday
Friday
Tuesday
Friday
Monday
Sunday
Saturday
Tuesday
Thursday
Sunday
Monday
Saturday
Saturday
Wednesday
Tuesday
Tuesday
Saturday
Thursday
Wednesday
Saturday
Tuesday
Monday
Thursday
Wednesday
Friday
Monday
Wednesday
Wednesday
Friday
Monday
Friday
Thursday
Monday
Wednesday
Saturday
Friday
Tuesday
Monday
Friday
Thursday
Monday
Thursday
Saturday
Thursday
Thursday
Wednesday
Tuesday
Friday
Saturday
Tuesday
Sunday
Friday
Monday
Wednesday
Thursday
Sunday
Wednesday
Wednesday
Wednesday
Saturday
Friday
Saturday
Friday
Tuesday
Thursday
Monday
Thursday
Wednesday
Tuesday
Thursday
Saturday
Thursday
Saturday
Thursday
Sunday
Monday
Sunday
Sunday
Thursday
Monday
Wednesday
Sunday
Monday
Saturday
Sunday
Saturday
Wednesday
Wednesday
Wednesday
Wednesday
Sunday
Wednesday
Wednesday
Monday
Thursday
Wednesday
Saturday
Saturday
Thursday
Wednesday
Saturday
Monday
Tuesday
Thursday
Sunday
Wednesday
Sunday
Monday
Sunday
Wednesday
Sunday
Monday
Sunday
Tuesday
Tuesday
Tuesday
Wednesday
Saturday
Wednesday
Monday
Wednesday
Saturday
Thursday
Sunday
Monday
Saturday
Sunday
Wednesday
Thursday
Tuesday
Saturday
Wednesday
Wednesday
Wednesday
Thursday
Friday
Tuesday
Tuesday
Wednesday
Saturday
Sunday
Monday
Saturday
Monday
Sunday
Saturday
Wednesday
Tuesday
Wednesday
Friday
Sunday
Wednesday
Thursday
Thursday
Sunday
Saturday
Saturday
Tuesday
Monday
Saturday
Thursday
Thursday
Sunday
Tuesday
Thursday
Tuesday
Saturday
Wednesday
Wednesday
Sunday
Friday
Saturday
Friday
Friday
Thursday
Friday
Saturday
Monday
Sunday
Sunday
Saturday
Friday
Monday
Wednesday
Thursday
Friday
Sunday
Monday
Monday
Friday
Monday
Tuesday
Monday
Monday
Saturday
Wednesday
Monday
Saturday
Sunday
Tuesday
Friday
Saturday
Monday
Saturday
Monday
Monday
Sunday
Sunday
Wednesday
Wednesday
Saturday
Sunday
Friday
Sunday
Monday
Tuesday
Thursday
Saturday
Monday
Saturday
Wednesday
Sunday
Saturday
Friday
Monday
Tuesday
Sunday
Monday
Tuesday
Monday
Tuesday
Thursday
Monday
Thursday
Monday
Sunday
Friday
Thursday
Thursday
Monday
Saturday
Saturday
Monday
Thursday
Friday
Saturday
Monday
Wednesday
Sunday
Thursday
Friday
Saturday
Tuesday
Sunday
Saturday
Sunday
Tuesday
Saturday
Sunday
Sunday
Tuesday
Friday
Wednesday
Saturday
Wednesday
Wednesday
Wednesday
Sunday
Sunday
Tuesday
Wednesday
Sunday
Sunday
Friday
Tuesday
Sunday
Monday
Sunday
Saturday
Thursday
Tuesday
Sunday
Friday
Monday
Wednesday
Friday
Tuesday
Wednesday
Monday
Thursday
Thursday
Friday
Friday
Wednesday
Monday
Tuesday
Saturday
Monday
Monday
Monday
Monday
Monday
Friday
Saturday
Thursday
Saturday
Wednesday
Thursday
Saturday
Wednesday
Sunday
Wednesday
Sunday
Tuesday
Tuesday
Wednesday
Monday
Saturday
Friday
Saturday
Tuesday
Sunday
Thursday
Friday
Thursday
Saturday
Thursday
Thursday
Saturday
Wednesday
Wednesday
Tuesday
Saturday
Tuesday
Saturday
Wednesday
Tuesday
Friday
Thursday
Saturday
Saturday
Saturday
Friday
Monday
Wednesday
Tuesday
Monday
Tuesday
Monday
Tuesday
Saturday
Tuesday
Wednesday
Thursday
Monday
Tuesday
Tuesday
Thursday
Tuesday
Saturday
Monday
Thursday
Saturday
Thursday
Tuesday
Tuesday
Monday
Friday
Sunday
Sunday
Sunday
Friday
Sunday
Tuesday
Tuesday
Saturday
Saturday
Friday
Thursday
Monday
Wednesday
Friday
Sunday
Tuesday
Thursday
Monday
Tuesday
Wednesday
Wednesday
Wednesday
Sunday
Tuesday
Sunday
Monday
Monday
Saturday
Sunday
Sunday
Tuesday
Tuesday
Thursday
Friday
Wednesday
Tuesday
Friday
Tuesday
Thursday
Tuesday
Monday
Tuesday
Wednesday
Tuesday
Thursday
Wednesday
Wednesday
Sunday
Saturday
Monday
Friday
Sunday
Thursday
Sunday
Monday
Tuesday
Monday
Sunday
Wednesday
Monday
Wednesday
Thursday
Friday
Thursday
Wednesday
Wednesday
Sunday
Thursday
Friday
Thursday
Saturday
Thursday
Sunday
Thursday
Tuesday
Wednesday
Monday
Monday
Monday
Wednesday
Monday
Thursday
Thursday
Monday
Tuesday
Saturday
Tuesday
Thursday
Tuesday
Thursday
Sunday
Saturday
Wednesday
Wednesday
Wednesday
Saturday
Friday
Thursday
Friday
Friday
Saturday
Saturday
Wednesday
Sunday
Saturday
Saturday
Thursday
Tuesday
Saturday
Tuesday
Wednesday
Saturday
Friday
Tuesday
Friday
Wednesday
Monday
Friday
Saturday
Sunday
Friday
Monday
Saturday
Wednesday
Thursday
Monday
Saturday
Saturday
Thursday
Friday
Thursday
Wednesday
Monday
Sunday
Tuesday
Friday
Monday
Saturday
Sunday
Sunday
Tuesday
Saturday
Sunday
Saturday
Saturday
Wednesday
Saturday
Friday
Friday
Tuesday
Monday
Monday
Tuesday
Friday
Tuesday
Sunday
Saturday
Thursday
Saturday
Saturday
Wednesday
Tuesday
Friday
Wednesday
Tuesday
Wednesday
Wednesday
Saturday
Tuesday
Monday
Wednesday
Tuesday
Wednesday
Friday
Thursday
Friday
Monday
Sunday
Wednesday
Tuesday
Friday
Sunday
Friday
Monday
Saturday
Thursday
Friday
Tuesday
Sunday
Monday
Saturday
Tuesday
Thursday
Wednesday
Tuesday
Saturday
Friday
Monday
Saturday
Saturday
Friday
Tuesday
Friday
Saturday
Sunday
Sunday
Friday
Saturday
Thursday
Friday
Thursday
Thursday
Sunday
Tuesday
Tuesday
Friday
Tuesday
Tuesday
Monday
Saturday
Wednesday
Tuesday
Wednesday
Saturday
Sunday
Thursday
Tuesday
Tuesday
Wednesday
Saturday
Sunday
Tuesday
Wednesday
Thursday
Friday
Tuesday
Tuesday
Wednesday
Friday
Sunday
Thursday
Wednesday
Thursday
Monday
Sunday
Tuesday
Tuesday
Thursday
Wednesday
Monday
Wednesday
Sunday
Thursday
Friday
Wednesday
Monday
Saturday
Friday
Saturday
Saturday
Wednesday
Saturday
Friday
Wednesday
Friday
Thursday
Monday
Thursday
Saturday
Monday
Saturday
Saturday
Friday
Saturday
Sunday
Monday
Thursday
Friday
Thursday
Thursday
Thursday
Saturday
Thursday
Wednesday
Thursday
Wednesday
Wednesday
Monday
Thursday
Wednesday
Tuesday
Wednesday
Thursday
Sunday
Wednesday
Wednesday
Saturday
Sunday
Friday
Saturday
Saturday
Monday
Friday
Wednesday
Thursday
Tuesday
Wednesday
Tuesday
Thursday
Friday
Sunday
Monday
Friday
Friday
Saturday
Sunday
Friday
Saturday
Sunday
Monday
Thursday
Thursday
Wednesday
Tuesday
Monday
Tuesday
Tuesday
Friday
Tuesday
Friday
Tuesday
Sunday
Monday
Wednesday
Wednesday
Wednesday
Friday
Wednesday
Tuesday
Wednesday
Sunday
Wednesday
Friday
Tuesday
Wednesday
Thursday
Wednesday
Tuesday
Tuesday
Wednesday
Tuesday
Thursday
Sunday
Thursday
Thursday
Wednesday
Sunday
Sunday
Saturday
Wednesday
Sunday
Thursday
Wednesday
Friday
Wednesday
Thursday
Friday
Thursday
Saturday
Tuesday
Sunday
Tuesday
Tuesday
Saturday
Thursday
Friday
Tuesday
Thursday
Tuesday
Saturday
Wednesday
Thursday
Saturday
Tuesday
Tuesday
Tuesday
Sunday
Monday
Wednesday
Tuesday
Sunday
Wednesday
Friday
Tuesday
Sunday
Sunday
Wednesday
Friday
Wednesday
Wednesday
Monday
Wednesday
Sunday
Thursday
Tuesday
Tuesday
Tuesday
Monday
Saturday
Saturday
Wednesday
Thursday
Sunday
Friday
Sunday
Wednesday
Monday
Monday
Saturday
Thursday
Thursday
Wednesday
Saturday
Wednesday
Tuesday
Friday
Tuesday
Tuesday
Saturday
Sunday
Tuesday
Thursday
Wednesday
Friday
Tuesday
Sunday
Tuesday
Monday
Monday
Saturday
Sunday
Wednesday
Sunday
Tuesday
Saturday
Wednesday
Tuesday
Sunday
Friday
Friday
Monday
Sunday
Monday
Monday
Tuesday
Saturday
Friday
Monday
Sunday
Tuesday
Thursday
Friday
Saturday
Wednesday
Wednesday
Sunday
Monday
Tuesday
Wednesday
Tuesday
Saturday
Thursday
Friday
Saturday
Tuesday
Thursday
Tuesday
Saturday
Thursday
Thursday
Sunday
Monday
Sunday
Friday
Wednesday
Tuesday
Wednesday
Thursday
Monday
Tuesday
Tuesday
Thursday
Friday
Friday
Friday
Sunday
Wednesday
Monday
Saturday
Saturday
Tuesday
Wednesday
Monday
Friday
Saturday
Saturday
Wednesday
Saturday
Tuesday
Sunday
Wednesday
Sunday
Wednesday
Sunday
Thursday
Tuesday
Tuesday
Tuesday
Saturday
Friday
Tuesday
Saturday
Friday
Monday
Sunday
Wednesday
Thursday
Thursday
Thursday
Wednesday
Tuesday
Monday
Thursday
Thursday
Tuesday
Tuesday
Wednesday
Wednesday
Thursday
Tuesday
Sunday
Tuesday
Wednesday
Sunday
Thursday
Saturday
Tuesday
Sunday
Friday
Monday
Monday
Friday
Wednesday
Sunday
Wednesday
Wednesday
Tuesday
Wednesday
Wednesday
Friday
Saturday
Sunday
Friday
Friday
Thursday
Wednesday
Saturday
Thursday
Thursday
Monday
Sunday
Friday
Thursday
Friday
Thursday
Thursday
Saturday
Wednesday
Thursday
Wednesday
Tuesday
Friday
Monday
Saturday
Tuesday
Sunday
Friday
Tuesday
Wednesday
Monday
Friday
Sunday
Sunday
Saturday
Sunday
Thursday
Tuesday
Friday
Saturday
Wednesday
Friday
Monday
Sunday
Tuesday
Wednesday
Monday
Tuesday
Tuesday
Friday
Wednesday
Thursday
Sunday
Friday
Friday
Thursday
Wednesday
Friday
Friday
Friday
Tuesday
Saturday
Wednesday
Wednesday
Thursday
Wednesday
Thursday
Saturday
Tuesday
Tuesday
Sunday
Saturday
Thursday
Wednesday
Thursday
Thursday
Friday
Monday
Wednesday
Friday
Wednesday
Tuesday
Wednesday
Wednesday
Monday
Thursday
Sunday
Sunday
Wednesday
Wednesday
Thursday
Wednesday
Tuesday
Wednesday
Tuesday
Sunday
Sunday
Saturday
Saturday
Wednesday
Saturday
Monday
Saturday
Sunday
Thursday
Wednesday
Tuesday
Sunday
Friday
Thursday
Saturday
Wednesday
Saturday
Tuesday
Tuesday
Friday
Wednesday
Sunday
Saturday
Saturday
Wednesday
Friday
Saturday
Thursday
Saturday
Wednesday
Thursday
Thursday
Thursday
Tuesday
Saturday
Wednesday
Thursday
Thursday
Friday
Wednesday
Sunday
Saturday
Sunday
Tuesday
Friday
Wednesday
Sunday
Friday
Wednesday
Wednesday
Wednesday
Friday
Tuesday
Tuesday
Tuesday
Wednesday
Friday
Saturday
Wednesday
Wednesday
Monday
Friday
Tuesday
Sunday
Thursday
Tuesday
Tuesday
Sunday
Sunday
Thursday
Wednesday
Tuesday
Wednesday
Thursday
Thursday
Thursday
Wednesday
Monday
Thursday
Saturday
Saturday
Sunday
Wednesday
Saturday
Sunday
Thursday
Monday
Sunday
Thursday
Sunday
Saturday
Thursday
Tuesday
Thursday
Tuesday
Sunday
Thursday
Tuesday
Sunday
Monday
Sunday
Sunday
Monday
Sunday
Tuesday
Saturday
Friday
Thursday
Saturday
Wednesday
Friday
Wednesday
Saturday
Wednesday
Tuesday
Wednesday
Tuesday
Monday
Wednesday
Monday
Wednesday
Saturday
Tuesday
Friday
Friday
Friday
Monday
Tuesday
Thursday
Saturday
Tuesday
Friday
Saturday
Wednesday
Tuesday
Sunday
Saturday
Friday
Saturday
Tuesday
Thursday
Tuesday
Wednesday
Friday
Saturday
Saturday
Sunday
Thursday
Thursday
Friday
Sunday
Sunday
Sunday
Monday
Sunday
Friday
Saturday
Sunday
Tuesday
Sunday
Saturday
Tuesday
Friday
Tuesday
Sunday
Thursday
Saturday
Saturday
Friday
Monday
Monday
Monday
Monday
Thursday
Tuesday
Wednesday
Tuesday
Thursday
Tuesday
Monday
Monday
Monday
Wednesday
Monday
Wednesday
Saturday
Monday
Saturday
Wednesday
Sunday
Tuesday
Sunday
Friday
Monday
Saturday
Wednesday
Saturday
Monday
Thursday
Monday
Saturday
Tuesday
Friday
Thursday
